Component: ARM Compiler 5.05 update 1 (build 106) Tool: armlink [4d0efa]

==============================================================================

Section Cross References

    main.o(.text) refers to user.o(.text) for all_init
    main.o(.text) refers to delay.o(.text) for delay_ms
    main.o(.text) refers to wifi_function.o(.text) for ESP8266_ReceiveString
    main.o(.text) refers to usart2.o(.text) for USART2_printf
    main.o(.text) refers to aeabi_memset.o(.text) for __aeabi_memset
    main.o(.text) refers to main.o(.data) for Data_send
    main.o(.text) refers to param_config.o(.bss) for Rdata
    main.o(.text) refers to param_config.o(.data) for bufSend1
    main.o(.text) refers to user.o(.data) for Data_Num
    system_stm32f10x.o(.text) refers to system_stm32f10x.o(.data) for SystemCoreClock
    stm32f10x_adc.o(.text) refers to stm32f10x_rcc.o(.text) for RCC_APB2PeriphResetCmd
    stm32f10x_gpio.o(.text) refers to stm32f10x_rcc.o(.text) for RCC_APB2PeriphResetCmd
    stm32f10x_i2c.o(.text) refers to stm32f10x_rcc.o(.text) for RCC_APB1PeriphResetCmd
    stm32f10x_rcc.o(.text) refers to stm32f10x_rcc.o(.data) for APBAHBPrescTable
    stm32f10x_tim.o(.text) refers to stm32f10x_rcc.o(.text) for RCC_APB2PeriphResetCmd
    stm32f10x_usart.o(.text) refers to stm32f10x_rcc.o(.text) for RCC_APB2PeriphResetCmd
    startup_stm32f10x_hd.o(STACK) refers (Special) to heapauxi.o(.text) for __use_two_region_memory
    startup_stm32f10x_hd.o(HEAP) refers (Special) to heapauxi.o(.text) for __use_two_region_memory
    startup_stm32f10x_hd.o(RESET) refers (Special) to heapauxi.o(.text) for __use_two_region_memory
    startup_stm32f10x_hd.o(RESET) refers to startup_stm32f10x_hd.o(STACK) for __initial_sp
    startup_stm32f10x_hd.o(RESET) refers to startup_stm32f10x_hd.o(.text) for Reset_Handler
    startup_stm32f10x_hd.o(RESET) refers to user.o(.text) for EXTI1_IRQHandler
    startup_stm32f10x_hd.o(RESET) refers to usart1.o(.text) for USART1_IRQHandler
    startup_stm32f10x_hd.o(RESET) refers to usart2.o(.text) for USART2_IRQHandler
    startup_stm32f10x_hd.o(.text) refers (Special) to heapauxi.o(.text) for __use_two_region_memory
    startup_stm32f10x_hd.o(.text) refers to system_stm32f10x.o(.text) for SystemInit
    startup_stm32f10x_hd.o(.text) refers to __main.o(!!!main) for __main
    startup_stm32f10x_hd.o(.text) refers to startup_stm32f10x_hd.o(HEAP) for Heap_Mem
    startup_stm32f10x_hd.o(.text) refers to startup_stm32f10x_hd.o(STACK) for Stack_Mem
    sys.o(.text) refers to misc.o(.text) for NVIC_PriorityGroupConfig
    gpio_io.o(.text) refers to stm32f10x_rcc.o(.text) for RCC_APB2PeriphClockCmd
    gpio_io.o(.text) refers to stm32f10x_gpio.o(.text) for GPIO_Init
    delay.o(.text) refers to misc.o(.text) for SysTick_CLKSourceConfig
    delay.o(.text) refers to delay.o(.data) for fac_us
    led.o(.text) refers to stm32f10x_rcc.o(.text) for RCC_APB2PeriphClockCmd
    led.o(.text) refers to stm32f10x_gpio.o(.text) for GPIO_Init
    led.o(.text) refers to delay.o(.text) for delay_ms
    key.o(.text) refers to stm32f10x_rcc.o(.text) for RCC_APB2PeriphClockCmd
    key.o(.text) refers to stm32f10x_gpio.o(.text) for GPIO_Init
    key.o(.text) refers to delay.o(.text) for delay_ms
    usart1.o(.text) refers to stm32f10x_usart.o(.text) for USART_SendData
    usart1.o(.text) refers to stm32f10x_rcc.o(.text) for RCC_APB2PeriphClockCmd
    usart1.o(.text) refers to stm32f10x_gpio.o(.text) for GPIO_Init
    usart1.o(.text) refers to misc.o(.text) for NVIC_Init
    usart1.o(.text) refers to param_config.o(.data) for send_to_TCP_flag
    usart1.o(.text) refers to usart1.o(.data) for Res1
    usart1.o(.text) refers to param_config.o(.bss) for USART1_RX_BUF
    usart2.o(.text) refers to stm32f10x_rcc.o(.text) for RCC_APB1PeriphClockCmd
    usart2.o(.text) refers to stm32f10x_gpio.o(.text) for GPIO_Init
    usart2.o(.text) refers to misc.o(.text) for NVIC_Init
    usart2.o(.text) refers to stm32f10x_usart.o(.text) for USART_Init
    usart2.o(.text) refers to param_config.o(.bss) for strEsp8266_Fram_Record
    usart3.o(.text) refers (Special) to use_no_semi_2.o(.text) for __use_no_semihosting
    usart3.o(.text) refers to stm32f10x_usart.o(.text) for USART_SendData
    usart3.o(.text) refers to stm32f10x_rcc.o(.text) for RCC_APB1PeriphClockCmd
    usart3.o(.text) refers to stm32f10x_gpio.o(.text) for GPIO_PinRemapConfig
    usart3.o(.data) refers (Special) to use_no_semi_2.o(.text) for __use_no_semihosting
    wifi_function.o(.text) refers to _printf_percent.o(.ARM.Collect$$_printf_percent$$00000000) for _printf_percent
    wifi_function.o(.text) refers to _printf_s.o(.ARM.Collect$$_printf_percent$$00000014) for _printf_s
    wifi_function.o(.text) refers to _printf_str.o(.text) for _printf_str
    wifi_function.o(.text) refers to _printf_d.o(.ARM.Collect$$_printf_percent$$00000009) for _printf_d
    wifi_function.o(.text) refers to _printf_dec.o(.text) for _printf_int_dec
[...]
    argv_veneer.o(.emb_text) refers to no_argv.o(.text) for __ARM_get_argv
    _get_argv_nomalloc.o(.text) refers (Special) to hrguard.o(.text) for __heap_region$guard
    _get_argv_nomalloc.o(.text) refers to defsig_rtmem_outer.o(.text) for __rt_SIGRTMEM
    _get_argv_nomalloc.o(.text) refers to sys_command.o(.text) for _sys_command_string
    libshutdown.o(.ARM.Collect$$libshutdown$$00000000) refers (Special) to libshutdown2.o(.ARM.Collect$$libshutdown$$00000006) for __rt_lib_shutdown_fp_trap_1
    libshutdown.o(.ARM.Collect$$libshutdown$$00000000) refers (Special) to libshutdown2.o(.ARM.Collect$$libshutdown$$0000000E) for __rt_lib_shutdown_heap_1
    libshutdown.o(.ARM.Collect$$libshutdown$$00000000) refers (Special) to libshutdown2.o(.ARM.Collect$$libshutdown$$0000000F) for __rt_lib_shutdown_return
    libshutdown.o(.ARM.Collect$$libshutdown$$00000000) refers (Special) to libshutdown2.o(.ARM.Collect$$libshutdown$$00000009) for __rt_lib_shutdown_signal_1
    libshutdown.o(.ARM.Collect$$libshutdown$$00000000) refers (Special) to libshutdown2.o(.ARM.Collect$$libshutdown$$00000003) for __rt_lib_shutdown_stdio_1
    libshutdown.o(.ARM.Collect$$libshutdown$$00000000) refers (Special) to libshutdown2.o(.ARM.Collect$$libshutdown$$0000000B) for __rt_lib_shutdown_user_alloc_1
    sys_command.o(.text) refers (Special) to use_no_semi.o(.text) for __I$use$semihosting
    sys_command.o(.text) refers (Special) to indicate_semi.o(.text) for __semihosting_library_function
    defsig_rtmem_outer.o(.text) refers to defsig_rtmem_inner.o(.text) for __rt_SIGRTMEM_inner
    defsig_rtmem_outer.o(.text) refers to defsig_exit.o(.text) for __sig_exit
    defsig_rtmem_formal.o(.text) refers to rt_raise.o(.text) for __rt_raise
    rt_raise.o(.text) refers to __raise.o(.text) for __raise
    rt_raise.o(.text) refers to usart3.o(.text) for _sys_exit
    defsig_exit.o(.text) refers to usart3.o(.text) for _sys_exit
    defsig_rtmem_inner.o(.text) refers to defsig_general.o(.text) for __default_signal_display
    __raise.o(.text) refers to defsig.o(CL$$defsig) for __default_signal_handler
    defsig_general.o(.text) refers to sys_wrch.o(.text) for _ttywrch
    sys_wrch.o(.text) refers (Special) to use_no_semi.o(.text) for __I$use$semihosting
    sys_wrch.o(.text) refers (Special) to indicate_semi.o(.text) for __semihosting_library_function
    defsig.o(CL$$defsig) refers to defsig_rtmem_inner.o(.text) for __rt_SIGRTMEM_inner
    defsig_abrt_inner.o(.text) refers to defsig_general.o(.text) for __default_signal_display
    defsig_fpe_inner.o(.text) refers to defsig_general.o(.text) for __default_signal_display
    defsig_rtred_inner.o(.text) refers to defsig_general.o(.text) for __default_signal_display
    defsig_stak_inner.o(.text) refers to defsig_general.o(.text) for __default_signal_display
    defsig_pvfn_inner.o(.text) refers to defsig_general.o(.text) for __default_signal_display
    defsig_cppl_inner.o(.text) refers to defsig_general.o(.text) for __default_signal_display
    defsig_segv_inner.o(.text) refers to defsig_general.o(.text) for __default_signal_display
    defsig_other.o(.text) refers to defsig_general.o(.text) for __default_signal_display


==============================================================================

Removing Unused input sections from the image.

    Removing stm32f10x_adc.o(.text), (1102 bytes).
    Removing stm32f10x_i2c.o(.text), (1028 bytes).
    Removing stm32f10x_tim.o(.text), (3610 bytes).
    Removing core_cm3.o(.emb_text), (32 bytes).
    Removing sys.o(.text), (12 bytes).
    Removing gpio_io.o(.text), (44 bytes).
    Removing key.o(.text), (116 bytes).
    Removing key1.o(.text), (72 bytes).
    Removing display_epd_w21.o(.text), (1404 bytes).
    Removing display_epd_w21.o(.constdata), (60 bytes).
    Removing display_epd_w21.o(.data), (28 bytes).
    Removing display_epd_w21_aux.o(.text), (104 bytes).
    Removing myiic.o(.text), (776 bytes).
    Removing tmp421.o(.text), (34 bytes).
    Removing zimo.o(.constdata), (221584 bytes).
    Removing display.o(.text), (580 bytes).

16 unused section(s) (total 230586 bytes) removed from the image.

==============================================================================

Image Symbol Table

    Local Symbols

    Symbol Name                              Value     Ov Type        Size  Object(Section)

    ../clib/angel/boardlib.s                 0x00000000   Number         0  boardinit1.o ABSOLUTE
    ../clib/angel/boardlib.s                 0x00000000   Number         0  boardinit3.o ABSOLUTE
    ../clib/angel/boardlib.s                 0x00000000   Number         0  boardinit2.o ABSOLUTE
    ../clib/angel/boardlib.s                 0x00000000   Number         0  boardshut.o ABSOLUTE
    ../clib/angel/dczerorl2.s                0x00000000   Number         0  __dczerorl2.o ABSOLUTE
    ../clib/angel/handlers.s                 0x00000000   Number         0  __scatter_zi.o ABSOLUTE
    ../clib/angel/kernel.s                   0x00000000   Number         0  __rtentry2.o ABSOLUTE
    ../clib/angel/kernel.s                   0x00000000   Number         0  rtexit2.o ABSOLUTE
    ../clib/angel/kernel.s                   0x00000000   Number         0  __rtentry.o ABSOLUTE
    ../clib/angel/kernel.s                   0x00000000   Number         0  rtexit.o ABSOLUTE
    ../clib/angel/kernel.s                   0x00000000   Number         0  __rtentry4.o ABSOLUTE
    ../clib/angel/rt.s                       0x00000000   Number         0  rt_raise.o ABSOLUTE
    ../clib/angel/scatter.s                  0x00000000   Number         0  __scatter.o ABSOLUTE
    ../clib/angel/startup.s                  0x00000000   Number         0  __main.o ABSOLUTE
    ../clib/angel/sys.s                      0x00000000   Number         0  use_no_semi_2.o ABSOLUTE
    ../clib/angel/sys.s                      0x00000000   Number         0  sys_stackheap_outer.o ABSOLUTE
    ../clib/angel/sys.s                      0x00000000   Number         0  use_no_semi.o ABSOLUTE
    ../clib/angel/sys.s                      0x00000000   Number         0  indicate_semi.o ABSOLUTE
    ../clib/angel/sys.s                      0x00000000   Number         0  libspace.o ABSOLUTE
    ../clib/angel/sysapp.c                   0x00000000   Number         0  sys_wrch.o ABSOLUTE
    ../clib/angel/sysapp.c                   0x00000000   Number         0  sys_command.o ABSOLUTE
    ../clib/armsys.c                         0x00000000   Number         0  argv_veneer.o ABSOLUTE
    ../clib/armsys.c                         0x00000000   Number         0  _get_argv_nomalloc.o ABSOLUTE
    ../clib/armsys.c                         0x00000000   Number         0  no_argv.o ABSOLUTE
    ../clib/armsys.c                         0x00000000   Number         0  argv_veneer.o ABSOLUTE
    ../clib/heapalloc.c                      0x00000000   Number         0  hrguard.o ABSOLUTE
    ../clib/heapaux.c                        0x00000000   Number         0  heapauxi.o ABSOLUTE
    ../clib/libinit.s                        0x00000000   Number         0  libshutdown2.o ABSOLUTE
    ../clib/libinit.s                        0x00000000   Number         0  libshutdown.o ABSOLUTE
    ../clib/libinit.s                        0x00000000   Number         0  libinit2.o ABSOLUTE
    ../clib/libinit.s                        0x00000000   Number         0  libinit.o ABSOLUTE
    ../clib/memcpset.s                       0x00000000   Number         0  rt_memclr_w.o ABSOLUTE
    ../clib/memcpset.s                       0x00000000   Number         0  rt_memclr.o ABSOLUTE
    ../clib/memcpset.s                       0x00000000   Number         0  aeabi_memset.o ABSOLUTE
    ../clib/printf.c                         0x00000000   Number         0  _sputc.o ABSOLUTE
    ../clib/printf.c                         0x00000000   Number         0  _printf_char_common.o ABSOLUTE
    ../clib/printf.c                         0x00000000   Number         0  __printf_flags_ss.o ABSOLUTE
    ../clib/printf.c                         0x00000000   Number         0  __printf_flags_ss_wp.o ABSOLUTE
    ../clib/printf.c                         0x00000000   Number         0  __printf_ss_wp.o ABSOLUTE
    ../clib/printf.c                         0x00000000   Number         0  _printf_intcommon.o ABSOLUTE
    ../clib/printf.c                         0x00000000   Number         0  __printf_wp.o ABSOLUTE
    ../clib/printf.c                         0x00000000   Number         0  __printf_ss.o ABSOLUTE
    ../clib/printf.c                         0x00000000   Number         0  __printf_flags.o ABSOLUTE
    ../clib/printf.c                         0x00000000   Number         0  _printf_dec.o ABSOLUTE
    ../clib/printf.c                         0x00000000   Number         0  __printf_nopercent.o ABSOLUTE
    ../clib/printf.c                         0x00000000   Number         0  _printf_str.o ABSOLUTE
    ../clib/printf.c                         0x00000000   Number         0  __printf.o ABSOLUTE
    ../clib/printf.c                         0x00000000   Number         0  noretval__2sprintf.o ABSOLUTE
    ../clib/printf.c                         0x00000000   Number         0  __printf_flags_wp.o ABSOLUTE
    ../clib/printf.c                         0x00000000   Number         0  noretval__2printf.o ABSOLUTE
    ../clib/printf.c                         0x00000000   Number         0  __2sprintf.o ABSOLUTE
    ../clib/printf.c                         0x00000000   Number         0  __2printf.o ABSOLUTE
    ../clib/printf.c                         0x00000000   Number         0  _printf_char_file.o ABSOLUTE
    ../clib/printf.c                         0x00000000   Number         0  _printf_char.o ABSOLUTE
    ../clib/printf_percent.s                 0x00000000   Number         0  _printf_percent.o ABSOLUTE
    ../clib/printf_percent.s                 0x00000000   Number         0  _printf_s.o ABSOLUTE
    ../clib/printf_percent.s                 0x00000000   Number         0  _printf_percent_end.o ABSOLUTE
    ../clib/printf_percent.s                 0x00000000   Number         0  _printf_d.o ABSOLUTE
    ../clib/signal.c                         0x00000000   Number         0  defsig_rtred_inner.o ABSOLUTE
    ../clib/signal.c                         0x00000000   Number         0  defsig_stak_inner.o ABSOLUTE
    ../clib/signal.c                         0x00000000   Number         0  __raise.o ABSOLUTE
    ../clib/signal.c                         0x00000000   Number         0  defsig_cppl_inner.o ABSOLUTE
    ../clib/signal.c                         0x00000000   Number         0  defsig_rtmem_outer.o ABSOLUTE
    ../clib/signal.c                         0x00000000   Number         0  defsig_general.o ABSOLUTE
    ../clib/signal.c                         0x00000000   Number         0  defsig_pvfn_inner.o ABSOLUTE
    ../clib/signal.c                         0x00000000   Number         0  defsig_rtmem_inner.o ABSOLUTE
    ../clib/signal.c                         0x00000000   Number         0  defsig_rtmem_formal.o ABSOLUTE
    ../clib/signal.c                         0x00000000   Number         0  defsig_abrt_inner.o ABSOLUTE
    ../clib/signal.c                         0x00000000   Number         0  defsig_segv_inner.o ABSOLUTE
    ../clib/signal.c                         0x00000000   Number         0  defsig_other.o ABSOLUTE
    ../clib/signal.c                         0x00000000   Number         0  defsig_fpe_inner.o ABSOLUTE
    ../clib/signal.c                         0x00000000   Number         0  defsig_exit.o ABSOLUTE
    ../clib/signal.s                         0x00000000   Number         0  defsig.o ABSOLUTE
    ../clib/stdio.c                          0x00000000   Number         0  ferror.o ABSOLUTE
    ../clib/stdio.c                          0x00000000   Number         0  ferror_locked.o ABSOLUTE
    ../clib/stdlib.c                         0x00000000   Number         0  exit.o ABSOLUTE
    ../clib/string.c                         0x00000000   Number         0  strstr.o ABSOLUTE
    ../fplib/faddsub.s                       0x00000000   Number         0  faddsub_clz.o ABSOLUTE
    ../fplib/fcmpi.s                         0x00000000   Number         0  fcmpi.o ABSOLUTE
    ../fplib/fdiv.s                          0x00000000   Number         0  fdiv.o ABSOLUTE
    ../fplib/ffixu.s                         0x00000000   Number         0  ffixu.o ABSOLUTE
    ../fplib/fflt.s                          0x00000000   Number         0  fflt_clz.o ABSOLUTE
    ../fplib/fleqf.s                         0x00000000   Number         0  fleqf.o ABSOLUTE
    ../fplib/fmul.s                          0x00000000   Number         0  fmul.o ABSOLUTE
    ../fplib/fnaninf.s                       0x00000000   Number         0  fnaninf.o ABSOLUTE
    ../fplib/fpinit.s                        0x00000000   Number         0  fpinit.o ABSOLUTE
    ../fplib/fretinf.s                       0x00000000   Number         0  fretinf.o ABSOLUTE
    ../fplib/usenofp.s                       0x00000000   Number         0  usenofp.o ABSOLUTE
    ..\A7139LIB\A7139\A7139.c                0x00000000   Number         0  a7139.o ABSOLUTE
    ..\A7139LIB\A7139\A7139_CONFIG.c         0x00000000   Number         0  a7139_config.o ABSOLUTE
    ..\A7139LIB\PLATFORM\PLATFORM.c          0x00000000   Number         0  platform.o ABSOLUTE
    ..\EPD_W21\Display_EPD_W21.c             0x00000000   Number         0  display_epd_w21.o ABSOLUTE
    ..\EPD_W21\Display_EPD_W21_Aux.c         0x00000000   Number         0  display_epd_w21_aux.o ABSOLUTE
    ..\IIC\myiic.c                           0x00000000   Number         0  myiic.o ABSOLUTE
    ..\STM32F10x_FWLib\src\misc.c            0x00000000   Number         0  misc.o ABSOLUTE
    ..\STM32F10x_FWLib\src\stm32f10x_adc.c   0x00000000   Number         0  stm32f10x_adc.o ABSOLUTE
    ..\STM32F10x_FWLib\src\stm32f10x_exti.c  0x00000000   Number         0  stm32f10x_exti.o ABSOLUTE
    ..\STM32F10x_FWLib\src\stm32f10x_gpio.c  0x00000000   Number         0  stm32f10x_gpio.o ABSOLUTE
    ..\STM32F10x_FWLib\src\stm32f10x_i2c.c   0x00000000   Number         0  stm32f10x_i2c.o ABSOLUTE
    ..\STM32F10x_FWLib\src\stm32f10x_rcc.c   0x00000000   Number         0  stm32f10x_rcc.o ABSOLUTE
    ..\STM32F10x_FWLib\src\stm32f10x_tim.c   0x00000000   Number         0  stm32f10x_tim.o ABSOLUTE
    ..\STM32F10x_FWLib\src\stm32f10x_usart.c 0x00000000   Number         0  stm32f10x_usart.o ABSOLUTE
    ..\TMP421\TMP421.c                       0x00000000   Number         0  tmp421.o ABSOLUTE
    ..\display\display.c                     0x00000000   Number         0  display.o ABSOLUTE
    ..\zimo\zimo.c                           0x00000000   Number         0  zimo.o ABSOLUTE
    SRC\GPIO_IO.C                            0x00000000   Number         0  gpio_io.o ABSOLUTE
    SRC\LED.c                                0x00000000   Number         0  led.o ABSOLUTE
    SRC\\core_cm3.c                          0x00000000   Number         0  core_cm3.o ABSOLUTE
    SRC\common.c                             0x00000000   Number         0  common.o ABSOLUTE
    SRC\core_cm3.c                           0x00000000   Number         0  core_cm3.o ABSOLUTE
    SRC\delay.c                              0x00000000   Number         0  delay.o ABSOLUTE
    SRC\ext_int.c                            0x00000000   Number         0  ext_int.o ABSOLUTE
    SRC\key.c                                0x00000000   Number         0  key.o ABSOLUTE
    SRC\key1.c                               0x00000000   Number         0  key1.o ABSOLUTE
    SRC\led1.c                               0x00000000   Number         0  led1.o ABSOLUTE
    SRC\startup_stm32f10x_hd.s               0x00000000   Number         0  startup_stm32f10x_hd.o ABSOLUTE
    SRC\sys.c                                0x00000000   Number         0  sys.o ABSOLUTE
    SRC\usart1.c                             0x00000000   Number         0  usart1.o ABSOLUTE
    SRC\usart2.c                             0x00000000   Number         0  usart2.o ABSOLUTE
    SRC\usart3.c                             0x00000000   Number         0  usart3.o ABSOLUTE
    SRC\user.c                               0x00000000   Number         0  user.o ABSOLUTE
    SRC\wifi_config.c                        0x00000000   Number         0  wifi_config.o ABSOLUTE
    SRC\wifi_function.c                      0x00000000   Number         0  wifi_function.o ABSOLUTE
    dc.s                                     0x00000000   Number         0  dc.o ABSOLUTE
    main.c                                   0x00000000   Number         0  main.o ABSOLUTE
    param_config.c                           0x00000000   Number         0  param_config.o ABSOLUTE
    system_stm32f10x.c                       0x00000000   Number         0  system_stm32f10x.o ABSOLUTE
    RESET                                    0x08000000   Section      304  startup_stm32f10x_hd.o(RESET)
    !!!main                                  0x08000130   Section        8  __main.o(!!!main)
    !!!scatter                               0x08000138   Section       52  __scatter.o(!!!scatter)
    !!dczerorl2                              0x0800016c   Section       90  __dczerorl2.o(!!dczerorl2)
    !!handler_zi                             0x080001c8   Section       28  __scatter_zi.o(!!handler_zi)
    .ARM.Collect$$_printf_percent$$00000000  0x080001e4   Section        0  _printf_percent.o(.ARM.Collect$$_printf_percent$$00000000)
    .ARM.Collect$$_printf_percent$$00000009  0x080001e4   Section        6  _printf_d.o(.ARM.Collect$$_printf_percent$$00000009)
    .ARM.Collect$$_printf_percent$$00000014  0x080001ea   Section        6  _printf_s.o(.ARM.Collect$$_printf_percent$$00000014)
    .ARM.Collect$$_printf_percent$$00000017  0x080001f0   Section        4  _printf_percent_end.o(.ARM.Collect$$_printf_percent$$00000017)
    .ARM.Collect$$libinit$$00000000          0x080001f4   Section        2  libinit.o(.ARM.Collect$$libinit$$00000000)
    .ARM.Collect$$libinit$$00000002          0x080001f6   Section        0  libinit2.o(.ARM.Collect$$libinit$$00000002)
    .ARM.Collect$$libinit$$00000004          0x080001f6   Section        0  libinit2.o(.ARM.Collect$$libinit$$00000004)
    .ARM.Collect$$libinit$$0000000A          0x080001f6   Section        0  libinit2.o(.ARM.Collect$$libinit$$0000000A)
    .ARM.Collect$$libinit$$0000000C          0x080001f6   Section        0  libinit2.o(.ARM.Collect$$libinit$$0000000C)
    .ARM.Collect$$libinit$$0000000E          0x080001f6   Section        0  libinit2.o(.ARM.Collect$$libinit$$0000000E)
    .ARM.Collect$$libinit$$00000011          0x080001f6   Section        0  libinit2.o(.ARM.Collect$$libinit$$00000011)
    .ARM.Collect$$libinit$$00000013          0x080001f6   Section        0  libinit2.o(.ARM.Collect$$libinit$$00000013)
    .ARM.Collect$$libinit$$00000015          0x080001f6   Section        0  libinit2.o(.ARM.Collect$$libinit$$00000015)
    .ARM.Collect$$libinit$$00000017          0x080001f6   Section        0  libinit2.o(.ARM.Collect$$libinit$$00000017)
    .ARM.Collect$$libinit$$00000019          0x080001f6   Section        0  libinit2.o(.ARM.Collect$$libinit$$00000019)
    .ARM.Collect$$libinit$$0000001B          0x080001f6   Section        0  libinit2.o(.ARM.Collect$$libinit$$0000001B)
    .ARM.Collect$$libinit$$0000001D          0x080001f6   Section        0  libinit2.o(.ARM.Collect$$libinit$$0000001D)
    .ARM.Collect$$libinit$$0000001F          0x080001f6   Section        0  libinit2.o(.ARM.Collect$$libinit$$0000001F)
    .ARM.Collect$$libinit$$00000021          0x080001f6   Section        0  libinit2.o(.ARM.Collect$$libinit$$00000021)
    .ARM.Collect$$libinit$$00000023          0x080001f6   Section        0  libinit2.o(.ARM.Collect$$libinit$$00000023)
    .ARM.Collect$$libinit$$00000025          0x080001f6   Section        0  libinit2.o(.ARM.Collect$$libinit$$00000025)
    .ARM.Collect$$libinit$$0000002C          0x080001f6   Section        0  libinit2.o(.ARM.Collect$$libinit$$0000002C)
    .ARM.Collect$$libinit$$0000002E          0x080001f6   Section        0  libinit2.o(.ARM.Collect$$libinit$$0000002E)
    .ARM.Collect$$libinit$$00000030          0x080001f6   Section        0  libinit2.o(.ARM.Collect$$libinit$$00000030)
    .ARM.Collect$$libinit$$00000032          0x080001f6   Section        0  libinit2.o(.ARM.Collect$$libinit$$00000032)
    .ARM.Collect$$libinit$$00000033          0x080001f6   Section        2  libinit2.o(.ARM.Collect$$libinit$$00000033)
    .ARM.Collect$$libshutdown$$00000000      0x080001f8   Section        2  libshutdown.o(.ARM.Collect$$libshutdown$$00000000)
    .ARM.Collect$$libshutdown$$00000003      0x080001fa   Section        0  libshutdown2.o(.ARM.Collect$$libshutdown$$00000003)
    .ARM.Collect$$libshutdown$$00000006      0x080001fa   Section        0  libshutdown2.o(.ARM.Collect$$libshutdown$$00000006)
    .ARM.Collect$$libshutdown$$00000009      0x080001fa   Section        0  libshutdown2.o(.ARM.Collect$$libshutdown$$00000009)
    .ARM.Collect$$libshutdown$$0000000B      0x080001fa   Section        0  libshutdown2.o(.ARM.Collect$$libshutdown$$0000000B)
    .ARM.Collect$$libshutdown$$0000000E      0x080001fa   Section        0  libshutdown2.o(.ARM.Collect$$libshutdown$$0000000E)
    .ARM.Collect$$libshutdown$$0000000F      0x080001fa   Section        2  libshutdown2.o(.ARM.Collect$$libshutdown$$0000000F)
    .ARM.Collect$$rtentry$$00000000          0x080001fc   Section        0  __rtentry.o(.ARM.Collect$$rtentry$$00000000)
    .ARM.Collect$$rtentry$$00000002          0x080001fc   Section        0  __rtentry2.o(.ARM.Collect$$rtentry$$00000002)
    .ARM.Collect$$rtentry$$00000004          0x080001fc   Section        6  __rtentry4.o(.ARM.Collect$$rtentry$$00000004)
    .ARM.Collect$$rtentry$$00000009          0x08000202   Section        0  __rtentry2.o(.ARM.Collect$$rtentry$$00000009)
    .ARM.Collect$$rtentry$$0000000A          0x08000202   Section        4  __rtentry2.o(.ARM.Collect$$rtentry$$0000000A)
    .ARM.Collect$$rtentry$$0000000C          0x08000206   Section        0  __rtentry2.o(.ARM.Collect$$rtentry$$0000000C)
    .ARM.Collect$$rtentry$$0000000D          0x08000206   Section        8  __rtentry2.o(.ARM.Collect$$rtentry$$0000000D)
    .ARM.Collect$$rtexit$$00000000           0x0800020e   Section        2  rtexit.o(.ARM.Collect$$rtexit$$00000000)
    .ARM.Collect$$rtexit$$00000002           0x08000210   Section        0  rtexit2.o(.ARM.Collect$$rtexit$$00000002)
    .ARM.Collect$$rtexit$$00000003           0x08000210   Section        4  rtexit2.o(.ARM.Collect$$rtexit$$00000003)
    .ARM.Collect$$rtexit$$00000004           0x08000214   Section        6  rtexit2.o(.ARM.Collect$$rtexit$$00000004)
    .text                                    0x0800021c   Section        0  main.o(.text)
    .text                                    0x08000474   Section        0  system_stm32f10x.o(.text)
    SetSysClockTo72                          0x08000475   Thumb Code   214  system_stm32f10x.o(.text)
    SetSysClock                              0x0800054b   Thumb Code     8  system_stm32f10x.o(.text)
    .text                                    0x08000654   Section        0  misc.o(.text)
    .text                                    0x08000730   Section        0  stm32f10x_exti.o(.text)
    .text                                    0x0800084c   Section        0  stm32f10x_gpio.o(.text)
    .text                                    0x08000ba8   Section        0  stm32f10x_rcc.o(.text)
    .text                                    0x08000f4c   Section        0  stm32f10x_usart.o(.text)
    .text                                    0x08001354   Section       64  startup_stm32f10x_hd.o(.text)
    .text                                    0x08001394   Section        0  delay.o(.text)
    .text                                    0x08001440   Section        0  led.o(.text)
    .text                                    0x08001494   Section        0  usart1.o(.text)
    .text                                    0x080015d4   Section        0  usart2.o(.text)
    itoa                                     0x080016ef   Thumb Code    98  usart2.o(.text)
    .text                                    0x0800188c   Section        0  usart3.o(.text)
    .text                                    0x08001970   Section        0  wifi_function.o(.text)
    .text                                    0x08002238   Section        0  user.o(.text)
    .text                                    0x08002634   Section        0  led1.o(.text)
    .text                                    0x080026a8   Section        0  a7139.o(.text)
    A7139_WriteReg                           0x080026a9   Thumb Code    56  a7139.o(.text)
    A7139_ReadReg                            0x080026e1   Thumb Code    58  a7139.o(.text)
    A7139_WritePageA                         0x0800271b   Thumb Code    36  a7139.o(.text)
    A7139_WritePageB                         0x0800273f   Thumb Code    36  a7139.o(.text)
    A7139_ReadPageA                          0x08002763   Thumb Code    36  a7139.o(.text)
    A7139_Config                             0x08002787   Thumb Code   100  a7139.o(.text)
    A7139_Cal                                0x080027eb   Thumb Code   230  a7139.o(.text)
    A7139_SetFreq                            0x080028f9   Thumb Code   186  a7139.o(.text)
    A7139_RCOSC_Cal                          0x080029b3   Thumb Code    98  a7139.o(.text)
    .text                                    0x08002f38   Section        0  platform.o(.text)
    .text                                    0x0800319c   Section        2  use_no_semi_2.o(.text)
    .text                                    0x080031a0   Section        0  noretval__2printf.o(.text)
    .text                                    0x080031b8   Section        0  noretval__2sprintf.o(.text)
    .text                                    0x080031e0   Section        0  __printf.o(.text)
    .text                                    0x08003248   Section        0  _printf_str.o(.text)
    .text                                    0x0800329c   Section        0  _printf_dec.o(.text)
    .text                                    0x08003314   Section        0  strstr.o(.text)
    .text                                    0x08003338   Section       16  aeabi_memset.o(.text)
    .text                                    0x08003348   Section       68  rt_memclr.o(.text)
    .text                                    0x0800338c   Section       78  rt_memclr_w.o(.text)
    .text                                    0x080033da   Section        0  heapauxi.o(.text)
    .text                                    0x080033e0   Section        2  use_no_semi.o(.text)
    .text                                    0x080033e2   Section        0  _printf_intcommon.o(.text)
    .text                                    0x08003494   Section        0  _printf_char_common.o(.text)
    _printf_input_char                       0x08003495   Thumb Code    10  _printf_char_common.o(.text)
    .text                                    0x080034c4   Section        0  _sputc.o(.text)
    .text                                    0x080034ce   Section        0  _printf_char.o(.text)
    .text                                    0x080034fc   Section        0  _printf_char_file.o(.text)
    .text                                    0x08003520   Section        0  ferror.o(.text)
    .text                                    0x08003528   Section       74  sys_stackheap_outer.o(.text)
    .text                                    0x08003572   Section        0  exit.o(.text)
    .text                                    0x08003580   Section        8  libspace.o(.text)
    x$fpl$fadd                               0x08003588   Section      196  faddsub_clz.o(x$fpl$fadd)
    _fadd1                                   0x08003597   Thumb Code     0  faddsub_clz.o(x$fpl$fadd)
    x$fpl$fcmpinf                            0x0800364c   Section       24  fcmpi.o(x$fpl$fcmpinf)
    x$fpl$fdiv                               0x08003664   Section      388  fdiv.o(x$fpl$fdiv)
    _fdiv1                                   0x08003665   Thumb Code     0  fdiv.o(x$fpl$fdiv)
    x$fpl$ffixu                              0x080037e8   Section       62  ffixu.o(x$fpl$ffixu)
    x$fpl$ffltu                              0x08003828   Section       38  fflt_clz.o(x$fpl$ffltu)
    x$fpl$fleqf                              0x08003850   Section      104  fleqf.o(x$fpl$fleqf)
    x$fpl$fmul                               0x080038b8   Section      258  fmul.o(x$fpl$fmul)
    x$fpl$fnaninf                            0x080039ba   Section      140  fnaninf.o(x$fpl$fnaninf)
    x$fpl$fretinf                            0x08003a46   Section       10  fretinf.o(x$fpl$fretinf)
    x$fpl$frsb                               0x08003a50   Section       20  faddsub_clz.o(x$fpl$frsb)
    x$fpl$fsub                               0x08003a64   Section      234  faddsub_clz.o(x$fpl$fsub)
    _fsub1                                   0x08003a73   Thumb Code     0  faddsub_clz.o(x$fpl$fsub)
    .constdata                               0x08003b4e   Section       74  a7139_config.o(.constdata)
    x$fpl$usenofp                            0x08003b4e   Section        0  usenofp.o(x$fpl$usenofp)
    .data                                    0x20000000   Section       12  main.o(.data)
    .data                                    0x2000000c   Section      440  param_config.o(.data)
    .data                                    0x200001c4   Section       20  system_stm32f10x.o(.data)
    .data                                    0x200001d8   Section       20  stm32f10x_rcc.o(.data)
    APBAHBPrescTable                         0x200001d8   Data          16  stm32f10x_rcc.o(.data)
    ADCPrescTable                            0x200001e8   Data           4  stm32f10x_rcc.o(.data)
    .data                                    0x200001ec   Section        4  delay.o(.data)
    fac_us                                   0x200001ec   Data           1  delay.o(.data)
    fac_ms                                   0x200001ee   Data           2  delay.o(.data)
    .data                                    0x200001f0   Section        8  usart1.o(.data)
    Res1                                     0x200001f4   Data           4  usart1.o(.data)
    .data                                    0x200001f8   Section        8  usart3.o(.data)
    .data                                    0x20000200   Section       12  user.o(.data)
    number                                   0x20000208   Data           4  user.o(.data)
    .bss                                     0x2000020c   Section     9394  param_config.o(.bss)
    .bss                                     0x200026be   Section       12  user.o(.bss)
    .bss                                     0x200026cc   Section       96  libspace.o(.bss)
    HEAP                                     0x20002730   Section      512  startup_stm32f10x_hd.o(HEAP)
    Heap_Mem                                 0x20002730   Data         512  startup_stm32f10x_hd.o(HEAP)
    STACK                                    0x20002930   Section     1024  startup_stm32f10x_hd.o(STACK)
    Stack_Mem                                0x20002930   Data        1024  startup_stm32f10x_hd.o(STACK)
    __initial_sp                             0x20002d30   Data           0  startup_stm32f10x_hd.o(STACK)

    Global Symbols

    Symbol Name                              Value     Ov Type        Size  Object(Section)

    BuildAttributes$$THM_ISAv4$P$D$K$B$S$PE$A:L22UL41UL21$X:L11$S22US41US21$IEEE1$IW$USESV6$~STKCKD$USESV7$~SHL$OSPACE$ROPI$EBA8$UX$STANDARDLIB$REQ8$PRES8$EABIv2 0x00000000   Number         0  anon$$obj.o ABSOLUTE
    __ARM_use_no_argv                        0x00000000   Number         0  main.o ABSOLUTE
    __ARM_exceptions_init                     - Undefined Weak Reference
    __alloca_initialize                       - Undefined Weak Reference
    __arm_preinit_                            - Undefined Weak Reference
    __cpp_initialize__aeabi_                  - Undefined Weak Reference
    __cxa_finalize                            - Undefined Weak Reference
    __rt_locale                               - Undefined Weak Reference
    __sigvec_lookup                           - Undefined Weak Reference
    _atexit_init                              - Undefined Weak Reference
    _call_atexit_fns                          - Undefined Weak Reference
    _clock_init                               - Undefined Weak Reference
    _fp_trap_init                             - Undefined Weak Reference
    _fp_trap_shutdown                         - Undefined Weak Reference
    _get_lc_collate                           - Undefined Weak Reference
    _get_lc_ctype                             - Undefined Weak Reference
    _get_lc_monetary                          - Undefined Weak Reference
    _get_lc_numeric                           - Undefined Weak Reference
    _get_lc_time                              - Undefined Weak Reference
    _getenv_init                              - Undefined Weak Reference
    _handle_redirection                       - Undefined Weak Reference
    _init_alloc                               - Undefined Weak Reference
    _init_user_alloc                          - Undefined Weak Reference
    _initio                                   - Undefined Weak Reference
    _mutex_acquire                            - Undefined Weak Reference
    _mutex_release                            - Undefined Weak Reference
    _printf_mbtowc                            - Undefined Weak Reference
    _printf_post_padding                      - Undefined Weak Reference
    _printf_pre_padding                       - Undefined Weak Reference
    _printf_truncate_signed                   - Undefined Weak Reference
    _printf_truncate_unsigned                 - Undefined Weak Reference
    _rand_init                                - Undefined Weak Reference
    _signal_finish                            - Undefined Weak Reference
    _signal_init                              - Undefined Weak Reference
    _terminate_alloc                          - Undefined Weak Reference
    _terminate_user_alloc                     - Undefined Weak Reference
    _terminateio                              - Undefined Weak Reference
    __Vectors_Size                           0x00000130   Number         0  startup_stm32f10x_hd.o ABSOLUTE
    __Vectors                                0x08000000   Data           4  startup_stm32f10x_hd.o(RESET)
    __Vectors_End                            0x08000130   Data           0  startup_stm32f10x_hd.o(RESET)
    __main                                   0x08000131   Thumb Code     8  __main.o(!!!main)
    __scatterload                            0x08000139   Thumb Code     0  __scatter.o(!!!scatter)
    __scatterload_rt2                        0x08000139   Thumb Code    44  __scatter.o(!!!scatter)
    __scatterload_rt2_thumb_only             0x08000139   Thumb Code     0  __scatter.o(!!!scatter)
    __scatterload_null                       0x08000147   Thumb Code     0  __scatter.o(!!!scatter)
    __decompress                             0x0800016d   Thumb Code    90  __dczerorl2.o(!!dczerorl2)
    __decompress1                            0x0800016d   Thumb Code     0  __dczerorl2.o(!!dczerorl2)
    __scatterload_zeroinit                   0x080001c9   Thumb Code    28  __scatter_zi.o(!!handler_zi)
    _printf_d                                0x080001e5   Thumb Code     0  _printf_d.o(.ARM.Collect$$_printf_percent$$00000009)
    _printf_percent                          0x080001e5   Thumb Code     0  _printf_percent.o(.ARM.Collect$$_printf_percent$$00000000)
    _printf_s                                0x080001eb   Thumb Code     0  _printf_s.o(.ARM.Collect$$_printf_percent$$00000014)
    _printf_percent_end                      0x080001f1   Thumb Code     0  _printf_percent_end.o(.ARM.Collect$$_printf_percent$$00000017)
    __rt_lib_init                            0x080001f5   Thumb Code     0  libinit.o(.ARM.Collect$$libinit$$00000000)
    __rt_lib_init_alloca_1                   0x080001f7   Thumb Code     0  libinit2.o(.ARM.Collect$$libinit$$0000002E)
    __rt_lib_init_argv_1                     0x080001f7   Thumb Code     0  libinit2.o(.ARM.Collect$$libinit$$0000002C)
    __rt_lib_init_atexit_1                   0x080001f7   Thumb Code     0  libinit2.o(.ARM.Collect$$libinit$$0000001B)
    __rt_lib_init_clock_1                    0x080001f7   Thumb Code     0  libinit2.o(.ARM.Collect$$libinit$$00000021)
    __rt_lib_init_cpp_1                      0x080001f7   Thumb Code     0  libinit2.o(.ARM.Collect$$libinit$$00000032)
    __rt_lib_init_exceptions_1               0x080001f7   Thumb Code     0  libinit2.o(.ARM.Collect$$libinit$$00000030)
    __rt_lib_init_fp_1                       0x080001f7   Thumb Code     0  libinit2.o(.ARM.Collect$$libinit$$00000002)
    __rt_lib_init_fp_trap_1                  0x080001f7   Thumb Code     0  libinit2.o(.ARM.Collect$$libinit$$0000001F)
    __rt_lib_init_getenv_1                   0x080001f7   Thumb Code     0  libinit2.o(.ARM.Collect$$libinit$$00000023)
    __rt_lib_init_heap_1                     0x080001f7   Thumb Code     0  libinit2.o(.ARM.Collect$$libinit$$0000000A)
    __rt_lib_init_lc_collate_1               0x080001f7   Thumb Code     0  libinit2.o(.ARM.Collect$$libinit$$00000011)
    __rt_lib_init_lc_ctype_1                 0x080001f7   Thumb Code     0  libinit2.o(.ARM.Collect$$libinit$$00000013)
    __rt_lib_init_lc_monetary_1              0x080001f7   Thumb Code     0  libinit2.o(.ARM.Collect$$libinit$$00000015)
    __rt_lib_init_lc_numeric_1               0x080001f7   Thumb Code     0  libinit2.o(.ARM.Collect$$libinit$$00000017)
    __rt_lib_init_lc_time_1                  0x080001f7   Thumb Code     0  libinit2.o(.ARM.Collect$$libinit$$00000019)
    __rt_lib_init_preinit_1                  0x080001f7   Thumb Code     0  libinit2.o(.ARM.Collect$$libinit$$00000004)
    __rt_lib_init_rand_1                     0x080001f7   Thumb Code     0  libinit2.o(.ARM.Collect$$libinit$$0000000E)
    __rt_lib_init_return                     0x080001f7   Thumb Code     0  libinit2.o(.ARM.Collect$$libinit$$00000033)
    __rt_lib_init_signal_1                   0x080001f7   Thumb Code     0  libinit2.o(.ARM.Collect$$libinit$$0000001D)
    __rt_lib_init_stdio_1                    0x080001f7   Thumb Code     0  libinit2.o(.ARM.Collect$$libinit$$00000025)
    __rt_lib_init_user_alloc_1               0x080001f7   Thumb Code     0  libinit2.o(.ARM.Collect$$libinit$$0000000C)
    __rt_lib_shutdown                        0x080001f9   Thumb Code     0  libshutdown.o(.ARM.Collect$$libshutdown$$00000000)
    __rt_lib_shutdown_fp_trap_1              0x080001fb   Thumb Code     0  libshutdown2.o(.ARM.Collect$$libshutdown$$00000006)
    __rt_lib_shutdown_heap_1                 0x080001fb   Thumb Code     0  libshutdown2.o(.ARM.Collect$$libshutdown$$0000000E)
    __rt_lib_shutdown_return                 0x080001fb   Thumb Code     0  libshutdown2.o(.ARM.Collect$$libshutdown$$0000000F)
    __rt_lib_shutdown_signal_1               0x080001fb   Thumb Code     0  libshutdown2.o(.ARM.Collect$$libshutdown$$00000009)
    __rt_lib_shutdown_stdio_1                0x080001fb   Thumb Code     0  libshutdown2.o(.ARM.Collect$$libshutdown$$00000003)
    __rt_lib_shutdown_user_alloc_1           0x080001fb   Thumb Code     0  libshutdown2.o(.ARM.Collect$$libshutdown$$0000000B)
    __rt_entry                               0x080001fd   Thumb Code     0  __rtentry.o(.ARM.Collect$$rtentry$$00000000)
    __rt_entry_presh_1                       0x080001fd   Thumb Code     0  __rtentry2.o(.ARM.Collect$$rtentry$$00000002)
    __rt_entry_sh                            0x080001fd   Thumb Code     0  __rtentry4.o(.ARM.Collect$$rtentry$$00000004)
    __rt_entry_li                            0x08000203   Thumb Code     0  __rtentry2.o(.ARM.Collect$$rtentry$$0000000A)
    __rt_entry_postsh_1                      0x08000203   Thumb Code     0  __rtentry2.o(.ARM.Collect$$rtentry$$00000009)
    __rt_entry_main                          0x08000207   Thumb Code     0  __rtentry2.o(.ARM.Collect$$rtentry$$0000000D)
    __rt_entry_postli_1                      0x08000207   Thumb Code     0  __rtentry2.o(.ARM.Collect$$rtentry$$0000000C)
    __rt_exit                                0x0800020f   Thumb Code     0  rtexit.o(.ARM.Collect$$rtexit$$00000000)
    __rt_exit_ls                             0x08000211   Thumb Code     0  rtexit2.o(.ARM.Collect$$rtexit$$00000003)
    __rt_exit_prels_1                        0x08000211   Thumb Code     0  rtexit2.o(.ARM.Collect$$rtexit$$00000002)
    __rt_exit_exit                           0x08000215   Thumb Code     0  rtexit2.o(.ARM.Collect$$rtexit$$00000004)
    main                                     0x0800021d   Thumb Code   536  main.o(.text)
    SystemInit                               0x08000553   Thumb Code    78  system_stm32f10x.o(.text)
    SystemCoreClockUpdate                    0x080005a1   Thumb Code   142  system_stm32f10x.o(.text)
    NVIC_PriorityGroupConfig                 0x08000655   Thumb Code    10  misc.o(.text)
    NVIC_Init                                0x0800065f   Thumb Code   100  misc.o(.text)
    NVIC_SetVectorTable                      0x080006c3   Thumb Code    14  misc.o(.text)
    NVIC_SystemLPConfig                      0x080006d1   Thumb Code    34  misc.o(.text)
    SysTick_CLKSourceConfig                  0x080006f3   Thumb Code    40  misc.o(.text)
    EXTI_DeInit                              0x08000731   Thumb Code    28  stm32f10x_exti.o(.text)
    EXTI_Init                                0x0800074d   Thumb Code   142  stm32f10x_exti.o(.text)
    EXTI_StructInit                          0x080007db   Thumb Code    16  stm32f10x_exti.o(.text)
    EXTI_GenerateSWInterrupt                 0x080007eb   Thumb Code    16  stm32f10x_exti.o(.text)
    EXTI_GetFlagStatus                       0x080007fb   Thumb Code    22  stm32f10x_exti.o(.text)
    EXTI_ClearFlag                           0x08000811   Thumb Code     8  stm32f10x_exti.o(.text)
    EXTI_GetITStatus                         0x08000819   Thumb Code    34  stm32f10x_exti.o(.text)
    EXTI_ClearITPendingBit                   0x0800083b   Thumb Code     8  stm32f10x_exti.o(.text)
    GPIO_DeInit                              0x0800084d   Thumb Code   172  stm32f10x_gpio.o(.text)
    GPIO_AFIODeInit                          0x080008f9   Thumb Code    20  stm32f10x_gpio.o(.text)
    GPIO_Init                                0x0800090d   Thumb Code   278  stm32f10x_gpio.o(.text)
    GPIO_StructInit                          0x08000a23   Thumb Code    16  stm32f10x_gpio.o(.text)
    GPIO_ReadInputDataBit                    0x08000a33   Thumb Code    18  stm32f10x_gpio.o(.text)
    GPIO_ReadInputData                       0x08000a45   Thumb Code     8  stm32f10x_gpio.o(.text)
    GPIO_ReadOutputDataBit                   0x08000a4d   Thumb Code    18  stm32f10x_gpio.o(.text)
    GPIO_ReadOutputData                      0x08000a5f   Thumb Code     8  stm32f10x_gpio.o(.text)
    GPIO_SetBits                             0x08000a67   Thumb Code     4  stm32f10x_gpio.o(.text)
    GPIO_ResetBits                           0x08000a6b   Thumb Code     4  stm32f10x_gpio.o(.text)
    GPIO_WriteBit                            0x08000a6f   Thumb Code    10  stm32f10x_gpio.o(.text)
    GPIO_Write                               0x08000a79   Thumb Code     4  stm32f10x_gpio.o(.text)
    GPIO_PinLockConfig                       0x08000a7d   Thumb Code    18  stm32f10x_gpio.o(.text)
    GPIO_EventOutputConfig                   0x08000a8f   Thumb Code    26  stm32f10x_gpio.o(.text)
    GPIO_EventOutputCmd                      0x08000aa9   Thumb Code     6  stm32f10x_gpio.o(.text)
    GPIO_PinRemapConfig                      0x08000aaf   Thumb Code   138  stm32f10x_gpio.o(.text)
    GPIO_EXTILineConfig                      0x08000b39   Thumb Code    66  stm32f10x_gpio.o(.text)
    GPIO_ETH_MediaInterfaceConfig            0x08000b7b   Thumb Code     8  stm32f10x_gpio.o(.text)
    RCC_DeInit                               0x08000ba9   Thumb Code    64  stm32f10x_rcc.o(.text)
    RCC_HSEConfig                            0x08000be9   Thumb Code    70  stm32f10x_rcc.o(.text)
    RCC_GetFlagStatus                        0x08000c2f   Thumb Code    56  stm32f10x_rcc.o(.text)
    RCC_WaitForHSEStartUp                    0x08000c67   Thumb Code    56  stm32f10x_rcc.o(.text)
    RCC_AdjustHSICalibrationValue            0x08000c9f   Thumb Code    20  stm32f10x_rcc.o(.text)
    RCC_HSICmd                               0x08000cb3   Thumb Code     6  stm32f10x_rcc.o(.text)
    RCC_PLLConfig                            0x08000cb9   Thumb Code    24  stm32f10x_rcc.o(.text)
    RCC_PLLCmd                               0x08000cd1   Thumb Code     6  stm32f10x_rcc.o(.text)
    RCC_SYSCLKConfig                         0x08000cd7   Thumb Code    18  stm32f10x_rcc.o(.text)
    RCC_GetSYSCLKSource                      0x08000ce9   Thumb Code    10  stm32f10x_rcc.o(.text)
    RCC_HCLKConfig                           0x08000cf3   Thumb Code    18  stm32f10x_rcc.o(.text)
    RCC_PCLK1Config                          0x08000d05   Thumb Code    18  stm32f10x_rcc.o(.text)
    RCC_PCLK2Config                          0x08000d17   Thumb Code    20  stm32f10x_rcc.o(.text)
    RCC_ITConfig                             0x08000d2b   Thumb Code    26  stm32f10x_rcc.o(.text)
    RCC_USBCLKConfig                         0x08000d45   Thumb Code     8  stm32f10x_rcc.o(.text)
    RCC_ADCCLKConfig                         0x08000d4d   Thumb Code    18  stm32f10x_rcc.o(.text)
    RCC_LSEConfig                            0x08000d5f   Thumb Code    50  stm32f10x_rcc.o(.text)
    RCC_LSICmd                               0x08000d91   Thumb Code     6  stm32f10x_rcc.o(.text)
    RCC_RTCCLKConfig                         0x08000d97   Thumb Code    12  stm32f10x_rcc.o(.text)
    RCC_RTCCLKCmd                            0x08000da3   Thumb Code     8  stm32f10x_rcc.o(.text)
    RCC_GetClocksFreq                        0x08000dab   Thumb Code   192  stm32f10x_rcc.o(.text)
    RCC_AHBPeriphClockCmd                    0x08000e6b   Thumb Code    26  stm32f10x_rcc.o(.text)
    RCC_APB2PeriphClockCmd                   0x08000e85   Thumb Code    26  stm32f10x_rcc.o(.text)
    RCC_APB1PeriphClockCmd                   0x08000e9f   Thumb Code    26  stm32f10x_rcc.o(.text)
    RCC_APB2PeriphResetCmd                   0x08000eb9   Thumb Code    26  stm32f10x_rcc.o(.text)
    RCC_APB1PeriphResetCmd                   0x08000ed3   Thumb Code    26  stm32f10x_rcc.o(.text)
    RCC_BackupResetCmd                       0x08000eed   Thumb Code     8  stm32f10x_rcc.o(.text)
    RCC_ClockSecuritySystemCmd               0x08000ef5   Thumb Code     6  stm32f10x_rcc.o(.text)
    RCC_MCOConfig                            0x08000efb   Thumb Code     6  stm32f10x_rcc.o(.text)
    RCC_ClearFlag                            0x08000f01   Thumb Code    14  stm32f10x_rcc.o(.text)
    RCC_GetITStatus                          0x08000f0f   Thumb Code    20  stm32f10x_rcc.o(.text)
    RCC_ClearITPendingBit                    0x08000f23   Thumb Code     6  stm32f10x_rcc.o(.text)
    USART_DeInit                             0x08000f4d   Thumb Code   134  stm32f10x_usart.o(.text)
    USART_Init                               0x08000fd3   Thumb Code   210  stm32f10x_usart.o(.text)
    USART_StructInit                         0x080010a5   Thumb Code    24  stm32f10x_usart.o(.text)
    USART_ClockInit                          0x080010bd   Thumb Code    34  stm32f10x_usart.o(.text)
    USART_ClockStructInit                    0x080010df   Thumb Code    12  stm32f10x_usart.o(.text)
    USART_Cmd                                0x080010eb   Thumb Code    24  stm32f10x_usart.o(.text)
    USART_ITConfig                           0x08001103   Thumb Code    74  stm32f10x_usart.o(.text)
    USART_DMACmd                             0x0800114d   Thumb Code    18  stm32f10x_usart.o(.text)
    USART_SetAddress                         0x0800115f   Thumb Code    18  stm32f10x_usart.o(.text)
    USART_WakeUpConfig                       0x08001171   Thumb Code    18  stm32f10x_usart.o(.text)
    USART_ReceiverWakeUpCmd                  0x08001183   Thumb Code    24  stm32f10x_usart.o(.text)
    USART_LINBreakDetectLengthConfig         0x0800119b   Thumb Code    18  stm32f10x_usart.o(.text)
    USART_LINCmd                             0x080011ad   Thumb Code    24  stm32f10x_usart.o(.text)
    USART_SendData                           0x080011c5   Thumb Code     8  stm32f10x_usart.o(.text)
    USART_ReceiveData                        0x080011cd   Thumb Code    10  stm32f10x_usart.o(.text)
    USART_SendBreak                          0x080011d7   Thumb Code    10  stm32f10x_usart.o(.text)
    USART_SetGuardTime                       0x080011e1   Thumb Code    16  stm32f10x_usart.o(.text)
    USART_SetPrescaler                       0x080011f1   Thumb Code    16  stm32f10x_usart.o(.text)
    USART_SmartCardCmd                       0x08001201   Thumb Code    24  stm32f10x_usart.o(.text)
    USART_SmartCardNACKCmd                   0x08001219   Thumb Code    24  stm32f10x_usart.o(.text)
    USART_HalfDuplexCmd                      0x08001231   Thumb Code    24  stm32f10x_usart.o(.text)
    USART_OverSampling8Cmd                   0x08001249   Thumb Code    22  stm32f10x_usart.o(.text)
    USART_OneBitMethodCmd                    0x0800125f   Thumb Code    24  stm32f10x_usart.o(.text)
    USART_IrDAConfig                         0x08001277   Thumb Code    18  stm32f10x_usart.o(.text)
    USART_IrDACmd                            0x08001289   Thumb Code    24  stm32f10x_usart.o(.text)
    USART_GetFlagStatus                      0x080012a1   Thumb Code    26  stm32f10x_usart.o(.text)
    USART_ClearFlag                          0x080012bb   Thumb Code    18  stm32f10x_usart.o(.text)
    USART_GetITStatus                        0x080012cd   Thumb Code    84  stm32f10x_usart.o(.text)
    USART_ClearITPendingBit                  0x08001321   Thumb Code    52  stm32f10x_usart.o(.text)
    Reset_Handler                            0x08001355   Thumb Code     8  startup_stm32f10x_hd.o(.text)
    NMI_Handler                              0x0800135d   Thumb Code     2  startup_stm32f10x_hd.o(.text)
    HardFault_Handler                        0x0800135f   Thumb Code     2  startup_stm32f10x_hd.o(.text)
    MemManage_Handler                        0x08001361   Thumb Code     2  startup_stm32f10x_hd.o(.text)
    BusFault_Handler                         0x08001363   Thumb Code     2  startup_stm32f10x_hd.o(.text)
    UsageFault_Handler                       0x08001365   Thumb Code     2  startup_stm32f10x_hd.o(.text)
    SVC_Handler                              0x08001367   Thumb Code     2  startup_stm32f10x_hd.o(.text)
    DebugMon_Handler                         0x08001369   Thumb Code     2  startup_stm32f10x_hd.o(.text)
    PendSV_Handler                           0x0800136b   Thumb Code     2  startup_stm32f10x_hd.o(.text)
    SysTick_Handler                          0x0800136d   Thumb Code     2  startup_stm32f10x_hd.o(.text)
    ADC1_2_IRQHandler                        0x0800136f   Thumb Code     0  startup_stm32f10x_hd.o(.text)
    ADC3_IRQHandler                          0x0800136f   Thumb Code     0  startup_stm32f10x_hd.o(.text)
    CAN1_RX1_IRQHandler                      0x0800136f   Thumb Code     0  startup_stm32f10x_hd.o(.text)
    CAN1_SCE_IRQHandler                      0x0800136f   Thumb Code     0  startup_stm32f10x_hd.o(.text)
    DMA1_Channel1_IRQHandler                 0x0800136f   Thumb Code     0  startup_stm32f10x_hd.o(.text)
    DMA1_Channel2_IRQHandler                 0x0800136f   Thumb Code     0  startup_stm32f10x_hd.o(.text)
    DMA1_Channel3_IRQHandler                 0x0800136f   Thumb Code     0  startup_stm32f10x_hd.o(.text)
    DMA1_Channel4_IRQHandler                 0x0800136f   Thumb Code     0  startup_stm32f10x_hd.o(.text)
    DMA1_Channel5_IRQHandler                 0x0800136f   Thumb Code     0  startup_stm32f10x_hd.o(.text)
    DMA1_Channel6_IRQHandler                 0x0800136f   Thumb Code     0  startup_stm32f10x_hd.o(.text)
    DMA1_Channel7_IRQHandler                 0x0800136f   Thumb Code     0  startup_stm32f10x_hd.o(.text)
    DMA2_Channel1_IRQHandler                 0x0800136f   Thumb Code     0  startup_stm32f10x_hd.o(.text)
    DMA2_Channel2_IRQHandler                 0x0800136f   Thumb Code     0  startup_stm32f10x_hd.o(.text)
    DMA2_Channel3_IRQHandler                 0x0800136f   Thumb Code     0  startup_stm32f10x_hd.o(.text)
    DMA2_Channel4_5_IRQHandler               0x0800136f   Thumb Code     0  startup_stm32f10x_hd.o(.text)
    EXTI0_IRQHandler                         0x0800136f   Thumb Code     0  startup_stm32f10x_hd.o(.text)
    EXTI15_10_IRQHandler                     0x0800136f   Thumb Code     0  startup_stm32f10x_hd.o(.text)
    EXTI2_IRQHandler                         0x0800136f   Thumb Code     0  startup_stm32f10x_hd.o(.text)
    EXTI3_IRQHandler                         0x0800136f   Thumb Code     0  startup_stm32f10x_hd.o(.text)
    EXTI4_IRQHandler                         0x0800136f   Thumb Code     0  startup_stm32f10x_hd.o(.text)
    EXTI9_5_IRQHandler                       0x0800136f   Thumb Code     0  startup_stm32f10x_hd.o(.text)
    FLASH_IRQHandler                         0x0800136f   Thumb Code     0  startup_stm32f10x_hd.o(.text)
    FSMC_IRQHandler                          0x0800136f   Thumb Code     0  startup_stm32f10x_hd.o(.text)
    I2C1_ER_IRQHandler                       0x0800136f   Thumb Code     0  startup_stm32f10x_hd.o(.text)
    I2C1_EV_IRQHandler                       0x0800136f   Thumb Code     0  startup_stm32f10x_hd.o(.text)
    I2C2_ER_IRQHandler                       0x0800136f   Thumb Code     0  startup_stm32f10x_hd.o(.text)
    I2C2_EV_IRQHandler                       0x0800136f   Thumb Code     0  startup_stm32f10x_hd.o(.text)
    PVD_IRQHandler                           0x0800136f   Thumb Code     0  startup_stm32f10x_hd.o(.text)
    RCC_IRQHandler                           0x0800136f   Thumb Code     0  startup_stm32f10x_hd.o(.text)
    RTCAlarm_IRQHandler                      0x0800136f   Thumb Code     0  startup_stm32f10x_hd.o(.text)
    RTC_IRQHandler                           0x0800136f   Thumb Code     0  startup_stm32f10x_hd.o(.text)
    SDIO_IRQHandler                          0x0800136f   Thumb Code     0  startup_stm32f10x_hd.o(.text)
    SPI1_IRQHandler                          0x0800136f   Thumb Code     0  startup_stm32f10x_hd.o(.text)
    SPI2_IRQHandler                          0x0800136f   Thumb Code     0  startup_stm32f10x_hd.o(.text)
    SPI3_IRQHandler                          0x0800136f   Thumb Code     0  startup_stm32f10x_hd.o(.text)
    TAMPER_IRQHandler                        0x0800136f   Thumb Code     0  startup_stm32f10x_hd.o(.text)
    TIM1_BRK_IRQHandler                      0x0800136f   Thumb Code     0  startup_stm32f10x_hd.o(.text)
    TIM1_CC_IRQHandler                       0x0800136f   Thumb Code     0  startup_stm32f10x_hd.o(.text)
    TIM1_TRG_COM_IRQHandler                  0x0800136f   Thumb Code     0  startup_stm32f10x_hd.o(.text)
    TIM1_UP_IRQHandler                       0x0800136f   Thumb Code     0  startup_stm32f10x_hd.o(.text)
    TIM2_IRQHandler                          0x0800136f   Thumb Code     0  startup_stm32f10x_hd.o(.text)
    TIM3_IRQHandler                          0x0800136f   Thumb Code     0  startup_stm32f10x_hd.o(.text)
    TIM4_IRQHandler                          0x0800136f   Thumb Code     0  startup_stm32f10x_hd.o(.text)
    TIM5_IRQHandler                          0x0800136f   Thumb Code     0  startup_stm32f10x_hd.o(.text)
    TIM6_IRQHandler                          0x0800136f   Thumb Code     0  startup_stm32f10x_hd.o(.text)
    TIM7_IRQHandler                          0x0800136f   Thumb Code     0  startup_stm32f10x_hd.o(.text)
    TIM8_BRK_IRQHandler                      0x0800136f   Thumb Code     0  startup_stm32f10x_hd.o(.text)
    TIM8_CC_IRQHandler                       0x0800136f   Thumb Code     0  startup_stm32f10x_hd.o(.text)
    TIM8_TRG_COM_IRQHandler                  0x0800136f   Thumb Code     0  startup_stm32f10x_hd.o(.text)
    TIM8_UP_IRQHandler                       0x0800136f   Thumb Code     0  startup_stm32f10x_hd.o(.text)
    UART4_IRQHandler                         0x0800136f   Thumb Code     0  startup_stm32f10x_hd.o(.text)
    UART5_IRQHandler                         0x0800136f   Thumb Code     0  startup_stm32f10x_hd.o(.text)
    USART3_IRQHandler                        0x0800136f   Thumb Code     0  startup_stm32f10x_hd.o(.text)
    USBWakeUp_IRQHandler                     0x0800136f   Thumb Code     0  startup_stm32f10x_hd.o(.text)
    USB_HP_CAN1_TX_IRQHandler                0x0800136f   Thumb Code     0  startup_stm32f10x_hd.o(.text)
    USB_LP_CAN1_RX0_IRQHandler               0x0800136f   Thumb Code     0  startup_stm32f10x_hd.o(.text)
    WWDG_IRQHandler                          0x0800136f   Thumb Code     0  startup_stm32f10x_hd.o(.text)
    __user_initial_stackheap                 0x08001371   Thumb Code     0  startup_stm32f10x_hd.o(.text)
    delay_init                               0x08001395   Thumb Code    52  delay.o(.text)
    delay_ms                                 0x080013c9   Thumb Code    56  delay.o(.text)
    delay_us                                 0x08001401   Thumb Code    56  delay.o(.text)
    GPIO_LED_Init                            0x08001441   Thumb Code    46  led.o(.text)
    Led_Send_Flash                           0x0800146f   Thumb Code    24  led.o(.text)
    uart1_send_byte                          0x08001495   Thumb Code    30  usart1.o(.text)
    uart1_init                               0x080014b3   Thumb Code   152  usart1.o(.text)
    CopeSerialData                           0x0800154b   Thumb Code     2  usart1.o(.text)
    USART1_IRQHandler                        0x0800154d   Thumb Code   110  usart1.o(.text)
    uart2_init                               0x080015d5   Thumb Code   152  usart2.o(.text)
    USART2_IRQHandler                        0x0800166d   Thumb Code   130  usart2.o(.text)
    USART2_printf                            0x08001751   Thumb Code   262  usart2.o(.text)
    USART2_Sendstring                        0x08001857   Thumb Code    42  usart2.o(.text)
    _sys_exit                                0x0800188d   Thumb Code     6  usart3.o(.text)
    fputc                                    0x08001893   Thumb Code    24  usart3.o(.text)
    fgetc                                    0x080018ab   Thumb Code    28  usart3.o(.text)
    uart3_send_byte                          0x080018c7   Thumb Code    30  usart3.o(.text)
    uart3_init                               0x080018e5   Thumb Code   126  usart3.o(.text)
    ESP8266_Choose                           0x08001971   Thumb Code    28  wifi_function.o(.text)
    ESP8266_Cmd                              0x0800198d   Thumb Code   150  wifi_function.o(.text)
    ESP8266_Rst                              0x08001a23   Thumb Code    18  wifi_function.o(.text)
    ESP8266_AT_Test                          0x08001a35   Thumb Code    42  wifi_function.o(.text)
    ESP8266_Net_Mode_Choose                  0x08001a5f   Thumb Code    68  wifi_function.o(.text)
    ESP8266_JoinAP                           0x08001aa3   Thumb Code    38  wifi_function.o(.text)
    ESP8266_BuildAP                          0x08001ac9   Thumb Code    42  wifi_function.o(.text)
    ESP8266_Enable_MultipleId                0x08001af3   Thumb Code    42  wifi_function.o(.text)
    ESP8266_Link_Server                      0x08001b1d   Thumb Code   110  wifi_function.o(.text)
    ESP8266_StartOrShutServer                0x08001b8b   Thumb Code   104  wifi_function.o(.text)
    ESP8266_UnvarnishSend                    0x08001bf3   Thumb Code    42  wifi_function.o(.text)
    ESP8266_SendString                       0x08001c1d   Thumb Code    98  wifi_function.o(.text)
    ESP8266_ReceiveString                    0x08001c7f   Thumb Code    68  wifi_function.o(.text)
    ESP8266_init                             0x08001cc3   Thumb Code    36  wifi_function.o(.text)
    Link_web                                 0x08001ce7   Thumb Code   638  wifi_function.o(.text)
    login                                    0x08001f65   Thumb Code   410  wifi_function.o(.text)
    GPIO_Configuration                       0x08002239   Thumb Code   104  user.o(.text)
    all_init                                 0x080022a1   Thumb Code    26  user.o(.text)
    A7139_EXTIX_Init                         0x080022bb   Thumb Code    98  user.o(.text)
    Get_ChipID                               0x0800231d   Thumb Code    60  user.o(.text)
    wifi_run                                 0x08002359   Thumb Code   104  user.o(.text)
    A7139_SendData                           0x080023c1   Thumb Code    60  user.o(.text)
    A7139_RecieveData                        0x080023fd   Thumb Code    38  user.o(.text)
    A7139_SendCmd                            0x08002423   Thumb Code    16  user.o(.text)
    A7139_SendImage                          0x08002433   Thumb Code    16  user.o(.text)
    A7139_Cmd_Id                             0x08002443   Thumb Code    82  user.o(.text)
    A7139_Chick_Data                         0x08002495   Thumb Code    64  user.o(.text)
    receive_Cmd                              0x080024d5   Thumb Code    66  user.o(.text)
    receive_Data                             0x08002517   Thumb Code    44  user.o(.text)
    data_rip                                 0x08002543   Thumb Code    54  user.o(.text)
    Data_cpy                                 0x08002579   Thumb Code    30  user.o(.text)
    EXTI1_IRQHandler                         0x08002597   Thumb Code    54  user.o(.text)
    Led_Init                                 0x08002635   Thumb Code    46  led1.o(.text)
    Led_On                                   0x08002663   Thumb Code    14  led1.o(.text)
    Led_Off                                  0x08002671   Thumb Code    14  led1.o(.text)
    Led_Receive_Flash                        0x0800267f   Thumb Code    34  led1.o(.text)
    A7139_StrobeCmd                          0x080028d1   Thumb Code    40  a7139.o(.text)
    A7139_SetCID                             0x08002a15   Thumb Code    70  a7139.o(.text)
    A7139_Init                               0x08002a5b   Thumb Code   118  a7139.o(.text)
    A7139_ReadPID                            0x08002ad1   Thumb Code    36  a7139.o(.text)
    A7139_SetDataRate                        0x08002af5   Thumb Code   236  a7139.o(.text)
    A7139_SetPackLen                         0x08002be1   Thumb Code    54  a7139.o(.text)
    A7139_SetCIDLen                          0x08002c17   Thumb Code    78  a7139.o(.text)
    A7139_SetPowerLevel                      0x08002c65   Thumb Code   176  a7139.o(.text)
    A7139_WriteFIFO                          0x08002d15   Thumb Code    74  a7139.o(.text)
    A7139_ReadFIFO                           0x08002d5f   Thumb Code    74  a7139.o(.text)
    A7139_IsBatteryLow                       0x08002da9   Thumb Code    70  a7139.o(.text)
    A7139_GetRSSI                            0x08002def   Thumb Code   100  a7139.o(.text)
    A7139_WOT                                0x08002e53   Thumb Code    68  a7139.o(.text)
    A7139_WOR_BySync                         0x08002e97   Thumb Code    86  a7139.o(.text)
    A7139_WOR_ByPreamble                     0x08002eed   Thumb Code    68  a7139.o(.text)
    IO_Init                                  0x08002f39   Thumb Code    98  platform.o(.text)
    SIO_Mode                                 0x08002f9b   Thumb Code    66  platform.o(.text)
    Delay_us                                 0x08002fdd   Thumb Code    12  platform.o(.text)
    SPIx_WriteByte                           0x08002fe9   Thumb Code   106  platform.o(.text)
    SPIx_WriteWord                           0x08003053   Thumb Code   104  platform.o(.text)
    SPIx_ReadByte                            0x080030bb   Thumb Code    96  platform.o(.text)
    SPIx_ReadWord                            0x0800311b   Thumb Code   100  platform.o(.text)
    Delay_ms                                 0x0800317f   Thumb Code    12  platform.o(.text)
    __use_no_semihosting                     0x0800319d   Thumb Code     2  use_no_semi_2.o(.text)
    __2printf                                0x080031a1   Thumb Code    20  noretval__2printf.o(.text)
    __2sprintf                               0x080031b9   Thumb Code    34  noretval__2sprintf.o(.text)
    __printf                                 0x080031e1   Thumb Code   104  __printf.o(.text)
    _printf_str                              0x08003249   Thumb Code    82  _printf_str.o(.text)
    _printf_int_dec                          0x0800329d   Thumb Code   104  _printf_dec.o(.text)
    strstr                                   0x08003315   Thumb Code    36  strstr.o(.text)
    __aeabi_memset                           0x08003339   Thumb Code    16  aeabi_memset.o(.text)
    __aeabi_memclr                           0x08003349   Thumb Code     0  rt_memclr.o(.text)
    __rt_memclr                              0x08003349   Thumb Code    68  rt_memclr.o(.text)
    _memset                                  0x0800334d   Thumb Code     0  rt_memclr.o(.text)
    __aeabi_memclr4                          0x0800338d   Thumb Code     0  rt_memclr_w.o(.text)
    __aeabi_memclr8                          0x0800338d   Thumb Code     0  rt_memclr_w.o(.text)
    __rt_memclr_w                            0x0800338d   Thumb Code    78  rt_memclr_w.o(.text)
    _memset_w                                0x08003391   Thumb Code     0  rt_memclr_w.o(.text)
    __use_two_region_memory                  0x080033db   Thumb Code     2  heapauxi.o(.text)
    __rt_heap_escrow$2region                 0x080033dd   Thumb Code     2  heapauxi.o(.text)
    __rt_heap_expand$2region                 0x080033df   Thumb Code     2  heapauxi.o(.text)
    __I$use$semihosting                      0x080033e1   Thumb Code     0  use_no_semi.o(.text)
    __use_no_semihosting_swi                 0x080033e1   Thumb Code     2  use_no_semi.o(.text)
    _printf_int_common                       0x080033e3   Thumb Code   178  _printf_intcommon.o(.text)
    _printf_char_common                      0x0800349f   Thumb Code    32  _printf_char_common.o(.text)
    _sputc                                   0x080034c5   Thumb Code    10  _sputc.o(.text)
    _printf_cs_common                        0x080034cf   Thumb Code    20  _printf_char.o(.text)
    _printf_char                             0x080034e3   Thumb Code    16  _printf_char.o(.text)
    _printf_string                           0x080034f3   Thumb Code     8  _printf_char.o(.text)
    _printf_char_file                        0x080034fd   Thumb Code    32  _printf_char_file.o(.text)
    ferror                                   0x08003521   Thumb Code     8  ferror.o(.text)
    __user_setup_stackheap                   0x08003529   Thumb Code    74  sys_stackheap_outer.o(.text)
    exit                                     0x08003573   Thumb Code    12  exit.o(.text)
    __user_libspace                          0x08003581   Thumb Code     8  libspace.o(.text)
    __user_perproc_libspace                  0x08003581   Thumb Code     0  libspace.o(.text)
    __user_perthread_libspace                0x08003581   Thumb Code     0  libspace.o(.text)
    __aeabi_fadd                             0x08003589   Thumb Code     0  faddsub_clz.o(x$fpl$fadd)
    _fadd                                    0x08003589   Thumb Code   196  faddsub_clz.o(x$fpl$fadd)
    __fpl_fcmp_Inf                           0x0800364d   Thumb Code    24  fcmpi.o(x$fpl$fcmpinf)
    __aeabi_fdiv                             0x08003665   Thumb Code     0  fdiv.o(x$fpl$fdiv)
    _fdiv                                    0x08003665   Thumb Code   384  fdiv.o(x$fpl$fdiv)
    __aeabi_f2uiz                            0x080037e9   Thumb Code     0  ffixu.o(x$fpl$ffixu)
    _ffixu                                   0x080037e9   Thumb Code    62  ffixu.o(x$fpl$ffixu)
    __aeabi_ui2f                             0x08003829   Thumb Code     0  fflt_clz.o(x$fpl$ffltu)
    _ffltu                                   0x08003829   Thumb Code    38  fflt_clz.o(x$fpl$ffltu)
    __aeabi_cfcmple                          0x08003851   Thumb Code     0  fleqf.o(x$fpl$fleqf)
    _fcmple                                  0x08003851   Thumb Code   104  fleqf.o(x$fpl$fleqf)
    __fpl_fcmple_InfNaN                      0x080038a3   Thumb Code     0  fleqf.o(x$fpl$fleqf)
    __aeabi_fmul                             0x080038b9   Thumb Code     0  fmul.o(x$fpl$fmul)
    _fmul                                    0x080038b9   Thumb Code   258  fmul.o(x$fpl$fmul)
    __fpl_fnaninf                            0x080039bb   Thumb Code   140  fnaninf.o(x$fpl$fnaninf)
    __fpl_fretinf                            0x08003a47   Thumb Code    10  fretinf.o(x$fpl$fretinf)
    __aeabi_frsub                            0x08003a51   Thumb Code     0  faddsub_clz.o(x$fpl$frsb)
    _frsb                                    0x08003a51   Thumb Code    20  faddsub_clz.o(x$fpl$frsb)
    __aeabi_fsub                             0x08003a65   Thumb Code     0  faddsub_clz.o(x$fpl$fsub)
    _fsub                                    0x08003a65   Thumb Code   234  faddsub_clz.o(x$fpl$fsub)
    A7139Config                              0x08003b4e   Data          32  a7139_config.o(.constdata)
    __I$use$fp                               0x08003b4e   Number         0  usenofp.o(x$fpl$usenofp)
    A7139Config_PageA                        0x08003b6e   Data          32  a7139_config.o(.constdata)
    A7139Config_PageB                        0x08003b8e   Data          10  a7139_config.o(.constdata)
    Region$$Table$$Base                      0x08003b98   Number         0  anon$$obj.o(Region$$Table)
    Region$$Table$$Limit                     0x08003bb8   Number         0  anon$$obj.o(Region$$Table)
    HSEStartUpStatus                         0x20000000   Data           1  main.o(.data)
    i                                        0x20000004   Data           4  main.o(.data)
    Data_send                                0x20000008   Data           4  main.o(.data)
    send_to_TCP_flag                         0x2000000c   Data           1  param_config.o(.data)
    RX1_count                                0x2000000e   Data           2  param_config.o(.data)
    Recv_frame_count                         0x20000010   Data           2  param_config.o(.data)
    Rdata_len                                0x20000014   Data           4  param_config.o(.data)
    Rdata_key                                0x20000018   Data           4  param_config.o(.data)
    buf_len                                  0x2000001c   Data           4  param_config.o(.data)
    DZBQ                                     0x20000020   Data           6  param_config.o(.data)
    bufSend                                  0x20000026   Data          64  param_config.o(.data)
    A7139_star                               0x20000066   Data           5  param_config.o(.data)
    A7139_star_call                          0x2000006b   Data           5  param_config.o(.data)
    A7139_end                                0x20000070   Data           5  param_config.o(.data)
    A7139_end_call                           0x20000075   Data           5  param_config.o(.data)
    A7139_data_call                          0x2000007a   Data           5  param_config.o(.data)
    A7139_cmd_buff                           0x2000007f   Data           5  param_config.o(.data)
    bufSend1                                 0x20000084   Data          64  param_config.o(.data)
    bufSend2                                 0x200000c4   Data          64  param_config.o(.data)
    bufSend3                                 0x20000104   Data          64  param_config.o(.data)
    bufSend4                                 0x20000144   Data          64  param_config.o(.data)
    bufSend5                                 0x20000184   Data          64  param_config.o(.data)
    SystemCoreClock                          0x200001c4   Data           4  system_stm32f10x.o(.data)
    AHBPrescTable                            0x200001c8   Data          16  system_stm32f10x.o(.data)
    frame_count                              0x200001f0   Data           1  usart1.o(.data)
    __stdout                                 0x200001f8   Data           4  usart3.o(.data)
    __stdin                                  0x200001fc   Data           4  usart3.o(.data)
    t_retry                                  0x20000200   Data           4  user.o(.data)
    receive_flag                             0x20000204   Data           1  user.o(.data)
    send_flag                                0x20000205   Data           1  user.o(.data)
    Data_Num                                 0x20000206   Data           1  user.o(.data)
    ID                                       0x20000207   Data           1  user.o(.data)
    OLED_BUF                                 0x2000020c   Data          64  param_config.o(.bss)
    USART1_RX_BUF                            0x2000024c   Data         200  param_config.o(.bss)
    Txdata                                   0x20000314   Data          16  param_config.o(.bss)
    Wifi                                     0x20000324   Data          53  param_config.o(.bss)
    Data                                     0x20000359   Data         410  param_config.o(.bss)
    Rdata                                    0x200004f3   Data         200  param_config.o(.bss)
    A1739_data                               0x200005bb   Data        4288  param_config.o(.bss)
    strEsp8266_Fram_Record                   0x2000167c   Data        4098  param_config.o(.bss)
    A7139_data_buff                          0x2000267e   Data          64  param_config.o(.bss)
    Chip_ID                                  0x200026be   Data          12  user.o(.bss)
    __libspace_start                         0x200026cc   Data          96  libspace.o(.bss)
    __temporary_stack_top$libspace           0x2000272c   Data           0  libspace.o(.bss)



==============================================================================

Memory Map of the image

  Image Entry point : 0x08000131

  Load Region LR_IROM1 (Base: 0x08000000, Size: 0x00003dc4, Max: 0x00040000, ABSOLUTE, COMPRESSED[0x00003c34])

    Execution Region ER_IROM1 (Base: 0x08000000, Size: 0x00003bb8, Max: 0x00040000, ABSOLUTE)

    Base Addr    Size         Type   Attr      Idx    E Section Name        Object

    0x08000000   0x00000130   Data   RO          364    RESET               startup_stm32f10x_hd.o
    0x08000130   0x00000008   Code   RO          752  * !!!main             c_w.l(__main.o)
    0x08000138   0x00000034   Code   RO          956    !!!scatter          c_w.l(__scatter.o)
    0x0800016c   0x0000005a   Code   RO          954    !!dczerorl2         c_w.l(__dczerorl2.o)
    0x080001c6   0x00000002   PAD
    0x080001c8   0x0000001c   Code   RO          958    !!handler_zi        c_w.l(__scatter_zi.o)
    0x080001e4   0x00000000   Code   RO          741    .ARM.Collect$$_printf_percent$$00000000  c_w.l(_printf_percent.o)
    0x080001e4   0x00000006   Code   RO          740    .ARM.Collect$$_printf_percent$$00000009  c_w.l(_printf_d.o)
    0x080001ea   0x00000006   Code   RO          739    .ARM.Collect$$_printf_percent$$00000014  c_w.l(_printf_s.o)
    0x080001f0   0x00000004   Code   RO          791    .ARM.Collect$$_printf_percent$$00000017  c_w.l(_printf_percent_end.o)
    0x080001f4   0x00000002   Code   RO          829    .ARM.Collect$$libinit$$00000000  c_w.l(libinit.o)
    0x080001f6   0x00000000   Code   RO          836    .ARM.Collect$$libinit$$00000002  c_w.l(libinit2.o)
    0x080001f6   0x00000000   Code   RO          838    .ARM.Collect$$libinit$$00000004  c_w.l(libinit2.o)
    0x080001f6   0x00000000   Code   RO          841    .ARM.Collect$$libinit$$0000000A  c_w.l(libinit2.o)
    0x080001f6   0x00000000   Code   RO          843    .ARM.Collect$$libinit$$0000000C  c_w.l(libinit2.o)
    0x080001f6   0x00000000   Code   RO          845    .ARM.Collect$$libinit$$0000000E  c_w.l(libinit2.o)
    0x080001f6   0x00000000   Code   RO          848    .ARM.Collect$$libinit$$00000011  c_w.l(libinit2.o)
    0x080001f6   0x00000000   Code   RO          850    .ARM.Collect$$libinit$$00000013  c_w.l(libinit2.o)
    0x080001f6   0x00000000   Code   RO          852    .ARM.Collect$$libinit$$00000015  c_w.l(libinit2.o)
    0x080001f6   0x00000000   Code   RO          854    .ARM.Collect$$libinit$$00000017  c_w.l(libinit2.o)
    0x080001f6   0x00000000   Code   RO          856    .ARM.Collect$$libinit$$00000019  c_w.l(libinit2.o)
    0x080001f6   0x00000000   Code   RO          858    .ARM.Collect$$libinit$$0000001B  c_w.l(libinit2.o)
    0x080001f6   0x00000000   Code   RO          860    .ARM.Collect$$libinit$$0000001D  c_w.l(libinit2.o)
    0x080001f6   0x00000000   Code   RO          862    .ARM.Collect$$libinit$$0000001F  c_w.l(libinit2.o)
    0x080001f6   0x00000000   Code   RO          864    .ARM.Collect$$libinit$$00000021  c_w.l(libinit2.o)
    0x080001f6   0x00000000   Code   RO          866    .ARM.Collect$$libinit$$00000023  c_w.l(libinit2.o)
    0x080001f6   0x00000000   Code   RO          868    .ARM.Collect$$libinit$$00000025  c_w.l(libinit2.o)
    0x080001f6   0x00000000   Code   RO          872    .ARM.Collect$$libinit$$0000002C  c_w.l(libinit2.o)
    0x080001f6   0x00000000   Code   RO          874    .ARM.Collect$$libinit$$0000002E  c_w.l(libinit2.o)
    0x080001f6   0x00000000   Code   RO          876    .ARM.Collect$$libinit$$00000030  c_w.l(libinit2.o)
    0x080001f6   0x00000000   Code   RO          878    .ARM.Collect$$libinit$$00000032  c_w.l(libinit2.o)
    0x080001f6   0x00000002   Code   RO          879    .ARM.Collect$$libinit$$00000033  c_w.l(libinit2.o)
    0x080001f8   0x00000002   Code   RO          897    .ARM.Collect$$libshutdown$$00000000  c_w.l(libshutdown.o)
    0x080001fa   0x00000000   Code   RO          908    .ARM.Collect$$libshutdown$$00000003  c_w.l(libshutdown2.o)
    0x080001fa   0x00000000   Code   RO          911    .ARM.Collect$$libshutdown$$00000006  c_w.l(libshutdown2.o)
    0x080001fa   0x00000000   Code   RO          914    .ARM.Collect$$libshutdown$$00000009  c_w.l(libshutdown2.o)
    0x080001fa   0x00000000   Code   RO          916    .ARM.Collect$$libshutdown$$0000000B  c_w.l(libshutdown2.o)
    0x080001fa   0x00000000   Code   RO          919    .ARM.Collect$$libshutdown$$0000000E  c_w.l(libshutdown2.o)
    0x080001fa   0x00000002   Code   RO          920    .ARM.Collect$$libshutdown$$0000000F  c_w.l(libshutdown2.o)
    0x080001fc   0x00000000   Code   RO          780    .ARM.Collect$$rtentry$$00000000  c_w.l(__rtentry.o)
    0x080001fc   0x00000000   Code   RO          800    .ARM.Collect$$rtentry$$00000002  c_w.l(__rtentry2.o)
    0x080001fc   0x00000006   Code   RO          812    .ARM.Collect$$rtentry$$00000004  c_w.l(__rtentry4.o)
    0x08000202   0x00000000   Code   RO          802    .ARM.Collect$$rtentry$$00000009  c_w.l(__rtentry2.o)
    0x08000202   0x00000004   Code   RO          803    .ARM.Collect$$rtentry$$0000000A  c_w.l(__rtentry2.o)
    0x08000206   0x00000000   Code   RO          805    .ARM.Collect$$rtentry$$0000000C  c_w.l(__rtentry2.o)
    0x08000206   0x00000008   Code   RO          806    .ARM.Collect$$rtentry$$0000000D  c_w.l(__rtentry2.o)
    0x0800020e   0x00000002   Code   RO          833    .ARM.Collect$$rtexit$$00000000  c_w.l(rtexit.o)
    0x08000210   0x00000000   Code   RO          881    .ARM.Collect$$rtexit$$00000002  c_w.l(rtexit2.o)
    0x08000210   0x00000004   Code   RO          882    .ARM.Collect$$rtexit$$00000003  c_w.l(rtexit2.o)
    0x08000214   0x00000006   Code   RO          883    .ARM.Collect$$rtexit$$00000004  c_w.l(rtexit2.o)
    0x0800021a   0x00000002   PAD
    0x0800021c   0x00000258   Code   RO            1    .text               main.o
    0x08000474   0x000001e0   Code   RO          213    .text               system_stm32f10x.o
    0x08000654   0x000000dc   Code   RO          253    .text               misc.o
    0x08000730   0x0000011c   Code   RO          277    .text               stm32f10x_exti.o
    0x0800084c   0x0000035c   Code   RO          289    .text               stm32f10x_gpio.o
    0x08000ba8   0x000003a4   Code   RO          313    .text               stm32f10x_rcc.o
    0x08000f4c   0x00000408   Code   RO          339    .text               stm32f10x_usart.o
    0x08001354   0x00000040   Code   RO          365    .text               startup_stm32f10x_hd.o
    0x08001394   0x000000ac   Code   RO          405    .text               delay.o
    0x08001440   0x00000054   Code   RO          419    .text               led.o
    0x08001494   0x00000140   Code   RO          453    .text               usart1.o
    0x080015d4   0x000002b8   Code   RO          468    .text               usart2.o
    0x0800188c   0x000000e4   Code   RO          491    .text               usart3.o
    0x08001970   0x000008c8   Code   RO          516    .text               wifi_function.o
    0x08002238   0x000003fc   Code   RO          528    .text               user.o
    0x08002634   0x00000074   Code   RO          564    .text               led1.o
    0x080026a8   0x00000890   Code   RO          665    .text               a7139.o
    0x08002f38   0x00000264   Code   RO          689    .text               platform.o
    0x0800319c   0x00000002   Code   RO          703    .text               c_w.l(use_no_semi_2.o)
    0x0800319e   0x00000002   PAD
    0x080031a0   0x00000018   Code   RO          709    .text               c_w.l(noretval__2printf.o)
    0x080031b8   0x00000028   Code   RO          711    .text               c_w.l(noretval__2sprintf.o)
    0x080031e0   0x00000068   Code   RO          713    .text               c_w.l(__printf.o)
    0x08003248   0x00000052   Code   RO          715    .text               c_w.l(_printf_str.o)
    0x0800329a   0x00000002   PAD
    0x0800329c   0x00000078   Code   RO          717    .text               c_w.l(_printf_dec.o)
    0x08003314   0x00000024   Code   RO          742    .text               c_w.l(strstr.o)
    0x08003338   0x00000010   Code   RO          744    .text               c_w.l(aeabi_memset.o)
    0x08003348   0x00000044   Code   RO          746    .text               c_w.l(rt_memclr.o)
    0x0800338c   0x0000004e   Code   RO          748    .text               c_w.l(rt_memclr_w.o)
    0x080033da   0x00000006   Code   RO          750    .text               c_w.l(heapauxi.o)
    0x080033e0   0x00000002   Code   RO          778    .text               c_w.l(use_no_semi.o)
    0x080033e2   0x000000b2   Code   RO          781    .text               c_w.l(_printf_intcommon.o)
    0x08003494   0x00000030   Code   RO          783    .text               c_w.l(_printf_char_common.o)
    0x080034c4   0x0000000a   Code   RO          785    .text               c_w.l(_sputc.o)
    0x080034ce   0x0000002c   Code   RO          787    .text               c_w.l(_printf_char.o)
    0x080034fa   0x00000002   PAD
    0x080034fc   0x00000024   Code   RO          789    .text               c_w.l(_printf_char_file.o)
    0x08003520   0x00000008   Code   RO          816    .text               c_w.l(ferror.o)
    0x08003528   0x0000004a   Code   RO          820    .text               c_w.l(sys_stackheap_outer.o)
    0x08003572   0x0000000c   Code   RO          822    .text               c_w.l(exit.o)
    0x0800357e   0x00000002   PAD
    0x08003580   0x00000008   Code   RO          830    .text               c_w.l(libspace.o)
    0x08003588   0x000000c4   Code   RO          754    x$fpl$fadd          fz_ws.l(faddsub_clz.o)
    0x0800364c   0x00000018   Code   RO          792    x$fpl$fcmpinf       fz_ws.l(fcmpi.o)
    0x08003664   0x00000184   Code   RO          761    x$fpl$fdiv          fz_ws.l(fdiv.o)
    0x080037e8   0x0000003e   Code   RO          764    x$fpl$ffixu         fz_ws.l(ffixu.o)
    0x08003826   0x00000002   PAD
    0x08003828   0x00000026   Code   RO          768    x$fpl$ffltu         fz_ws.l(fflt_clz.o)
    0x0800384e   0x00000002   PAD
    0x08003850   0x00000068   Code   RO          774    x$fpl$fleqf         fz_ws.l(fleqf.o)
    0x080038b8   0x00000102   Code   RO          776    x$fpl$fmul          fz_ws.l(fmul.o)
    0x080039ba   0x0000008c   Code   RO          794    x$fpl$fnaninf       fz_ws.l(fnaninf.o)
    0x08003a46   0x0000000a   Code   RO          796    x$fpl$fretinf       fz_ws.l(fretinf.o)
    0x08003a50   0x00000014   Code   RO          755    x$fpl$frsb          fz_ws.l(faddsub_clz.o)
    0x08003a64   0x000000ea   Code   RO          756    x$fpl$fsub          fz_ws.l(faddsub_clz.o)
    0x08003b4e   0x00000000   Code   RO          798    x$fpl$usenofp       fz_ws.l(usenofp.o)
    0x08003b4e   0x0000004a   Data   RO          677    .constdata          a7139_config.o
    0x08003b98   0x00000020   Data   RO          952    Region$$Table       anon$$obj.o


    Execution Region RW_IRAM1 (Base: 0x20000000, Size: 0x00002d30, Max: 0x0000c000, ABSOLUTE, COMPRESSED[0x0000007c])

    Base Addr    Size         Type   Attr      Idx    E Section Name        Object

    0x20000000   0x0000000c   Data   RW            2    .data               main.o
    0x2000000c   0x000001b8   Data   RW          197    .data               param_config.o
    0x200001c4   0x00000014   Data   RW          214    .data               system_stm32f10x.o
    0x200001d8   0x00000014   Data   RW          314    .data               stm32f10x_rcc.o
    0x200001ec   0x00000004   Data   RW          406    .data               delay.o
    0x200001f0   0x00000008   Data   RW          454    .data               usart1.o
    0x200001f8   0x00000008   Data   RW          492    .data               usart3.o
    0x20000200   0x0000000c   Data   RW          530    .data               user.o
    0x2000020c   0x000024b2   Zero   RW          196    .bss                param_config.o
    0x200026be   0x0000000c   Zero   RW          529    .bss                user.o
    0x200026ca   0x00000002   PAD
    0x200026cc   0x00000060   Zero   RW          831    .bss                c_w.l(libspace.o)
    0x2000272c   0x00000004   PAD
    0x20002730   0x00000200   Zero   RW          363    HEAP                startup_stm32f10x_hd.o
    0x20002930   0x00000400   Zero   RW          362    STACK               startup_stm32f10x_hd.o


==============================================================================

Image component sizes


      Code (inc. data)   RO Data    RW Data    ZI Data      Debug   Object Name

      2192         64          0          0          0       6523   a7139.o
         0          0         74          0          0        678   a7139_config.o
         0          0          0          0          0         32   core_cm3.o
       172          8          0          4          0        991   delay.o
        84         14          0          0          0        591   led.o
       116          8          0          0          0        748   led1.o
       600         64          0         12          0     237062   main.o
       220         22          0          0          0       1785   misc.o
         0          0          0        440       9394       2359   param_config.o
       612         18          0          0          0       1891   platform.o
        64         26        304          0       1536        772   startup_stm32f10x_hd.o
       284         10          0          0          0       2215   stm32f10x_exti.o
       860         38          0          0          0       5629   stm32f10x_gpio.o
       932         36          0         20          0       8792   stm32f10x_rcc.o
      1032         22          0          0          0       8356   stm32f10x_usart.o
       480         38          0         20          0       1719   system_stm32f10x.o
       320         26          0          8          0       1492   usart1.o
       696         12          0          0          0       3059   usart2.o
       228         14          0          8          0       3009   usart3.o
      1020        104          0         12         12      19456   user.o
      2248        720          0          0          0       5091   wifi_function.o

    ----------------------------------------------------------------------
     12160       1244        410        524      10944     312250   Object Totals
         0          0         32          0          0          0   (incl. Generated)
         0          0          0          0          2          0   (incl. Padding)

    ----------------------------------------------------------------------

      Code (inc. data)   RO Data    RW Data    ZI Data      Debug   Library Member Name

        90          0          0          0          0          0   __dczerorl2.o
         8          0          0          0          0         68   __main.o
       104          0          0          0          0         84   __printf.o
         0          0          0          0          0          0   __rtentry.o
        12          0          0          0          0          0   __rtentry2.o
         6          0          0          0          0          0   __rtentry4.o
        52          8          0          0          0          0   __scatter.o
        28          0          0          0          0          0   __scatter_zi.o
        44          0          0          0          0        108   _printf_char.o
        48          6          0          0          0         96   _printf_char_common.o
        36          4          0          0          0         80   _printf_char_file.o
         6          0          0          0          0          0   _printf_d.o
       120         16          0          0          0         92   _printf_dec.o
       178          0          0          0          0         88   _printf_intcommon.o
         0          0          0          0          0          0   _printf_percent.o
         4          0          0          0          0          0   _printf_percent_end.o
         6          0          0          0          0          0   _printf_s.o
        82          0          0          0          0         80   _printf_str.o
        10          0          0          0          0         68   _sputc.o
        16          0          0          0          0         68   aeabi_memset.o
        12          0          0          0          0         72   exit.o
         8          0          0          0          0         68   ferror.o
         6          0          0          0          0        152   heapauxi.o
         2          0          0          0          0          0   libinit.o
         2          0          0          0          0          0   libinit2.o
         2          0          0          0          0          0   libshutdown.o
         2          0          0          0          0          0   libshutdown2.o
         8          4          0          0         96         68   libspace.o
        24          4          0          0          0         84   noretval__2printf.o
        40          6          0          0          0         84   noretval__2sprintf.o
        68          0          0          0          0         68   rt_memclr.o
        78          0          0          0          0         80   rt_memclr_w.o
         2          0          0          0          0          0   rtexit.o
        10          0          0          0          0          0   rtexit2.o
        36          0          0          0          0         80   strstr.o
        74          0          0          0          0         80   sys_stackheap_outer.o
         2          0          0          0          0         68   use_no_semi.o
         2          0          0          0          0         68   use_no_semi_2.o
       450          8          0          0          0        236   faddsub_clz.o
        24          0          0          0          0         68   fcmpi.o
       388         76          0          0          0         96   fdiv.o
        62          4          0          0          0         84   ffixu.o
        38          0          0          0          0         68   fflt_clz.o
       104          4          0          0          0         84   fleqf.o
       258          4          0          0          0         84   fmul.o
       140          4          0          0          0         84   fnaninf.o
        10          0          0          0          0         68   fretinf.o
         0          0          0          0          0          0   usenofp.o

    ----------------------------------------------------------------------
      2718        148          0          0        100       2676   Library Totals
        16          0          0          0          4          0   (incl. Padding)

    ----------------------------------------------------------------------

      Code (inc. data)   RO Data    RW Data    ZI Data      Debug   Library Name

      1228         48          0          0         96       1804   c_w.l
      1474        100          0          0          0        872   fz_ws.l

    ----------------------------------------------------------------------
      2718        148          0          0        100       2676   Library Totals

    ----------------------------------------------------------------------

==============================================================================


      Code (inc. data)   RO Data    RW Data    ZI Data      Debug   

     14878       1392        410        524      11044     311906   Grand Totals
     14878       1392        410        124      11044     311906   ELF Image Totals (compressed)
     14878       1392        410        124          0          0   ROM Totals

==============================================================================

    Total RO  Size (Code + RO Data)                15288 (  14.93kB)
    Total RW  Size (RW Data + ZI Data)             11568 (  11.30kB)
    Total ROM Size (Code + RO Data + RW Data)      15412 (  15.05kB)

==============================================================================

